Component: ARM Compiler 5.05 update 1 (build 106) Tool: armlink [4d0efa]

==============================================================================

Section Cross References

    system_mkl25z4.o(.text) refers to uidiv.o(.text) for __aeabi_uidivmod
    system_mkl25z4.o(.text) refers to system_mkl25z4.o(.data) for .data
    startup_mkl25z4.o(RESET) refers to startup_mkl25z4.o(STACK) for __initial_sp
    startup_mkl25z4.o(RESET) refers to startup_mkl25z4.o(.text) for Reset_Handler
    startup_mkl25z4.o(RESET) refers to timers.o(.text) for PIT_IRQHandler
    startup_mkl25z4.o(.text) refers to system_mkl25z4.o(.text) for SystemInit
    startup_mkl25z4.o(.text) refers to entry.o(.ARM.Collect$$$$00000000) for __main
    lcd_4bit.o(.text) refers to delay.o(.text) for Delay
    main.o(.text) refers to leds.o(.text) for Init_RGB_LEDs
    main.o(.text) refers to i2c.o(.text) for i2c_init
    main.o(.text) refers to mma8451.o(.text) for init_mma
    main.o(.text) refers to delay.o(.text) for Delay
    main.o(.text) refers to profile.o(.text) for Init_Profiling
    timers.o(.text) refers to profile.o(.data) for profiling_enabled
    timers.o(.text) refers to timers.o(.data) for .data
    timers.o(.text) refers to profile.o(.data) for profile_ticks
    timers.o(.text) refers to region.o(.constdata) for NumProfileRegions
    timers.o(.text) refers to region.o(.constdata) for RegionTable
    timers.o(.text) refers to region.o(.bss) for RegionCount
    timers.o(.text) refers to profile.o(.data) for adx_lost
    timers.o(.text) refers to profile.o(.data) for num_lost
    mma8451.o(.text) refers to i2c.o(.text) for i2c_read_byte
    mma8451.o(.text) refers to delay.o(.text) for Delay
    mma8451.o(.text) refers to fflti.o(.text) for __aeabi_i2f
    mma8451.o(.text) refers to fscalb.o(.text) for __ARM_scalbnf
    mma8451.o(.text) refers to atan2f.o(i.atan2f) for atan2f
    mma8451.o(.text) refers to fmul.o(.text) for __aeabi_fmul
    mma8451.o(.text) refers to asinf.o(i.asinf) for asinf
    mma8451.o(.text) refers to mma8451.o(.data) for .data
    sine_table.o(.text) refers to dfltui.o(.text) for __aeabi_ui2d
    sine_table.o(.text) refers to dmul.o(.text) for __aeabi_dmul
    sine_table.o(.text) refers to sin.o(i.sin) for sin
    sine_table.o(.text) refers to dadd.o(.text) for __aeabi_dadd
    sine_table.o(.text) refers to dfixui.o(.text) for __aeabi_d2uiz
    sine_table.o(.text) refers to sine_table.o(.bss) for .bss
    profile.o(.text) refers to uidiv.o(.text) for __aeabi_uidivmod
    profile.o(.text) refers to timers.o(.text) for Init_PIT
    profile.o(.text) refers to region.o(.constdata) for NumProfileRegions
    profile.o(.text) refers to region.o(.bss) for RegionCount
    profile.o(.text) refers to system_mkl25z4.o(.data) for SystemCoreClock
    profile.o(.text) refers to profile.o(.data) for .data
    asinf.o(i.__softfp_asinf) refers (Special) to iusefp.o(.text) for __I$use$fp
    asinf.o(i.__softfp_asinf) refers to asinf.o(i.asinf) for asinf
    asinf.o(i.asinf) refers (Special) to iusefp.o(.text) for __I$use$fp
    asinf.o(i.asinf) refers to fadd.o(.text) for __aeabi_frsub
    asinf.o(i.asinf) refers to fscalb.o(.text) for __ARM_scalbnf
    asinf.o(i.asinf) refers to sqrtf.o(i.sqrtf) for sqrtf
    asinf.o(i.asinf) refers to fmul.o(.text) for __aeabi_fmul
    asinf.o(i.asinf) refers to fpclassifyf.o(i.__ARM_fpclassifyf) for __ARM_fpclassifyf
    asinf.o(i.asinf) refers to funder.o(i.__mathlib_flt_underflow) for __mathlib_flt_underflow
    asinf.o(i.asinf) refers to funder.o(i.__mathlib_flt_infnan) for __mathlib_flt_infnan
    asinf.o(i.asinf) refers to errno.o(i.__set_errno) for __set_errno
    asinf.o(i.asinf) refers to funder.o(i.__mathlib_flt_invalid) for __mathlib_flt_invalid
    asinf_x.o(i.____softfp_asinf$lsc) refers (Special) to iusefp.o(.text) for __I$use$fp
    asinf_x.o(i.____softfp_asinf$lsc) refers to asinf_x.o(i.__asinf$lsc) for __asinf$lsc
    asinf_x.o(i.__asinf$lsc) refers (Special) to iusefp.o(.text) for __I$use$fp
    asinf_x.o(i.__asinf$lsc) refers to fadd.o(.text) for __aeabi_frsub
    asinf_x.o(i.__asinf$lsc) refers to fscalb.o(.text) for __ARM_scalbnf
    asinf_x.o(i.__asinf$lsc) refers to sqrtf.o(i.sqrtf) for sqrtf
    asinf_x.o(i.__asinf$lsc) refers to fmul.o(.text) for __aeabi_fmul
    asinf_x.o(i.__asinf$lsc) refers to funder.o(i.__mathlib_flt_infnan) for __mathlib_flt_infnan
    asinf_x.o(i.__asinf$lsc) refers to errno.o(i.__set_errno) for __set_errno
    atan2f.o(i.__softfp_atan2f) refers (Special) to iusefp.o(.text) for __I$use$fp
    atan2f.o(i.__softfp_atan2f) refers to atan2f.o(i.atan2f) for atan2f
    atan2f.o(i.atan2f) refers (Special) to iusefp.o(.text) for __I$use$fp
    atan2f.o(i.atan2f) refers to fdiv.o(.text) for __aeabi_fdiv
    atan2f.o(i.atan2f) refers to fpclassifyf.o(i.__ARM_fpclassifyf) for __ARM_fpclassifyf
    atan2f.o(i.atan2f) refers to funder.o(i.__mathlib_flt_underflow) for __mathlib_flt_underflow
    atan2f.o(i.atan2f) refers to fadd.o(.text) for __aeabi_fsub
    atan2f.o(i.atan2f) refers to fmul.o(.text) for __aeabi_fmul
    atan2f.o(i.atan2f) refers to funder.o(i.__mathlib_flt_infnan2) for __mathlib_flt_infnan2
    atan2f_x.o(i.____softfp_atan2f$lsc) refers (Special) to iusefp.o(.text) for __I$use$fp
    atan2f_x.o(i.____softfp_atan2f$lsc) refers to atan2f_x.o(i.__atan2f$lsc) for __atan2f$lsc
    atan2f_x.o(i.__atan2f$lsc) refers (Special) to iusefp.o(.text) for __I$use$fp
    atan2f_x.o(i.__atan2f$lsc) refers to fdiv.o(.text) for __aeabi_fdiv
    atan2f_x.o(i.__atan2f$lsc) refers to fadd.o(.text) for __aeabi_fsub
    atan2f_x.o(i.__atan2f$lsc) refers to fmul.o(.text) for __aeabi_fmul
    atan2f_x.o(i.__atan2f$lsc) refers to funder.o(i.__mathlib_flt_infnan2) for __mathlib_flt_infnan2
    atan2f_x.o(i.__atan2f$lsc) refers to errno.o(i.__set_errno) for __set_errno
    sin.o(i.__softfp_sin) refers (Special) to iusefp.o(.text) for __I$use$fp
    sin.o(i.__softfp_sin) refers to sin.o(i.sin) for sin
    sin.o(i.sin) refers (Special) to iusefp.o(.text) for __I$use$fp
    sin.o(i.sin) refers to errno.o(i.__set_errno) for __set_errno
    sin.o(i.sin) refers to dunder.o(i.__mathlib_dbl_invalid) for __mathlib_dbl_invalid
    sin.o(i.sin) refers to dunder.o(i.__mathlib_dbl_infnan) for __mathlib_dbl_infnan
    sin.o(i.sin) refers to rred.o(i.__ieee754_rem_pio2) for __ieee754_rem_pio2
    sin.o(i.sin) refers to cos_i.o(i.__kernel_cos) for __kernel_cos
    sin.o(i.sin) refers to sin_i.o(i.__kernel_sin) for __kernel_sin
    sin_x.o(i.____softfp_sin$lsc) refers (Special) to iusefp.o(.text) for __I$use$fp
    sin_x.o(i.____softfp_sin$lsc) refers to sin_x.o(i.__sin$lsc) for __sin$lsc
    sin_x.o(i.__sin$lsc) refers (Special) to iusefp.o(.text) for __I$use$fp
    sin_x.o(i.__sin$lsc) refers to errno.o(i.__set_errno) for __set_errno
    sin_x.o(i.__sin$lsc) refers to dunder.o(i.__mathlib_dbl_infnan) for __mathlib_dbl_infnan
    sin_x.o(i.__sin$lsc) refers to rred.o(i.__ieee754_rem_pio2) for __ieee754_rem_pio2
    sin_x.o(i.__sin$lsc) refers to cos_i.o(i.__kernel_cos) for __kernel_cos
    sin_x.o(i.__sin$lsc) refers to sin_i.o(i.__kernel_sin) for __kernel_sin
    entry.o(.ARM.Collect$$$$00000000) refers (Special) to entry10a.o(.ARM.Collect$$$$0000000D) for __rt_final_cpp
    entry.o(.ARM.Collect$$$$00000000) refers (Special) to entry11a.o(.ARM.Collect$$$$0000000F) for __rt_final_exit
    entry.o(.ARM.Collect$$$$00000000) refers (Special) to entry7b.o(.ARM.Collect$$$$00000008) for _main_clock
    entry.o(.ARM.Collect$$$$00000000) refers (Special) to entry8b.o(.ARM.Collect$$$$0000000A) for _main_cpp_init
    entry.o(.ARM.Collect$$$$00000000) refers (Special) to entry9a.o(.ARM.Collect$$$$0000000B) for _main_init
    entry.o(.ARM.Collect$$$$00000000) refers (Special) to entry5.o(.ARM.Collect$$$$00000004) for _main_scatterload
    entry.o(.ARM.Collect$$$$00000000) refers (Special) to entry2.o(.ARM.Collect$$$$00000001) for _main_stk
    fmul.o(.text) refers (Special) to iusefp.o(.text) for __I$use$fp
    fscalb.o(.text) refers (Special) to iusefp.o(.text) for __I$use$fp
    dadd.o(.text) refers (Special) to iusefp.o(.text) for __I$use$fp
    dadd.o(.text) refers to llshl.o(.text) for __aeabi_llsl
    dadd.o(.text) refers to llsshr.o(.text) for __aeabi_lasr
    dadd.o(.text) refers to depilogue.o(.text) for _double_epilogue
    dmul.o(.text) refers (Special) to iusefp.o(.text) for __I$use$fp
    dmul.o(.text) refers to depilogue.o(.text) for _double_epilogue
    fflti.o(.text) refers (Special) to iusefp.o(.text) for __I$use$fp
    fflti.o(.text) refers to fepilogue.o(.text) for _float_epilogue
    dfltui.o(.text) refers (Special) to iusefp.o(.text) for __I$use$fp
    dfltui.o(.text) refers to depilogue.o(.text) for _double_epilogue
    dfixui.o(.text) refers (Special) to iusefp.o(.text) for __I$use$fp
    dfixui.o(.text) refers to llushr.o(.text) for __aeabi_llsr
    cos_i.o(i.__kernel_cos) refers (Special) to iusefp.o(.text) for __I$use$fp
    cos_i.o(i.__kernel_cos) refers to dfixi.o(.text) for __aeabi_d2iz
    cos_i.o(i.__kernel_cos) refers to dmul.o(.text) for __aeabi_dmul
    cos_i.o(i.__kernel_cos) refers to poly.o(i.__kernel_poly) for __kernel_poly
    cos_i.o(i.__kernel_cos) refers to dadd.o(.text) for __aeabi_dsub
    cos_i.o(i.__kernel_cos) refers to dscalb.o(.text) for __ARM_scalbn
    cos_i.o(i.__kernel_cos) refers to cos_i.o(.constdata) for .constdata
    cos_i.o(.constdata) refers (Special) to iusefp.o(.text) for __I$use$fp
    dunder.o(i.__mathlib_dbl_divzero) refers to ddiv.o(.text) for __aeabi_ddiv
    dunder.o(i.__mathlib_dbl_infnan) refers to dscalb.o(.text) for __ARM_scalbn
    dunder.o(i.__mathlib_dbl_infnan2) refers to dadd.o(.text) for __aeabi_dadd
    dunder.o(i.__mathlib_dbl_invalid) refers to ddiv.o(.text) for __aeabi_ddiv
    dunder.o(i.__mathlib_dbl_overflow) refers to dscalb.o(.text) for __ARM_scalbn
    dunder.o(i.__mathlib_dbl_posinfnan) refers to dmul.o(.text) for __aeabi_dmul
    dunder.o(i.__mathlib_dbl_underflow) refers to dscalb.o(.text) for __ARM_scalbn
    fpclassifyf.o(i.__ARM_fpclassifyf) refers (Special) to iusefp.o(.text) for __I$use$fp
    funder.o(i.__mathlib_flt_divzero) refers to fdiv.o(.text) for __aeabi_fdiv
    funder.o(i.__mathlib_flt_infnan) refers to fscalb.o(.text) for __ARM_scalbnf
    funder.o(i.__mathlib_flt_infnan2) refers to fadd.o(.text) for __aeabi_fadd
    funder.o(i.__mathlib_flt_invalid) refers to fdiv.o(.text) for __aeabi_fdiv
    funder.o(i.__mathlib_flt_overflow) refers to fscalb.o(.text) for __ARM_scalbnf
    funder.o(i.__mathlib_flt_posinfnan) refers to fmul.o(.text) for __aeabi_fmul
    funder.o(i.__mathlib_flt_underflow) refers to fscalb.o(.text) for __ARM_scalbnf
    rred.o(i.__ieee754_rem_pio2) refers (Special) to iusefp.o(.text) for __I$use$fp
    rred.o(i.__ieee754_rem_pio2) refers to dadd.o(.text) for __aeabi_dsub
    rred.o(i.__ieee754_rem_pio2) refers to dmul.o(.text) for __aeabi_dmul
    rred.o(i.__ieee754_rem_pio2) refers to dfixi.o(.text) for __aeabi_d2iz
    rred.o(i.__ieee754_rem_pio2) refers to dflti.o(.text) for __aeabi_i2d
    rred.o(i.__ieee754_rem_pio2) refers to rred.o(i.__ARM_common_ll_muluu) for __ARM_common_ll_muluu
    rred.o(i.__ieee754_rem_pio2) refers to dfltui.o(.text) for __aeabi_ui2d
    rred.o(i.__ieee754_rem_pio2) refers to dscalb.o(.text) for __ARM_scalbn
    rred.o(i.__ieee754_rem_pio2) refers to rred.o(.constdata) for .constdata
    rred.o(i.__use_accurate_range_reduction) refers (Special) to iusefp.o(.text) for __I$use$fp
    rred.o(.constdata) refers (Special) to iusefp.o(.text) for __I$use$fp
    sin_i.o(i.__kernel_sin) refers (Special) to iusefp.o(.text) for __I$use$fp
    sin_i.o(i.__kernel_sin) refers to fpclassify.o(i.__ARM_fpclassify) for __ARM_fpclassify
    sin_i.o(i.__kernel_sin) refers to dunder.o(i.__mathlib_dbl_underflow) for __mathlib_dbl_underflow
    sin_i.o(i.__kernel_sin) refers to dmul.o(.text) for __aeabi_dmul
    sin_i.o(i.__kernel_sin) refers to poly.o(i.__kernel_poly) for __kernel_poly
    sin_i.o(i.__kernel_sin) refers to dscalb.o(.text) for __ARM_scalbn
    sin_i.o(i.__kernel_sin) refers to dadd.o(.text) for __aeabi_dsub
    sin_i.o(i.__kernel_sin) refers to sin_i.o(.constdata) for .constdata
    sin_i.o(.constdata) refers (Special) to iusefp.o(.text) for __I$use$fp
    sin_i_x.o(i.____kernel_sin$lsc) refers (Special) to iusefp.o(.text) for __I$use$fp
    sin_i_x.o(i.____kernel_sin$lsc) refers to dmul.o(.text) for __aeabi_dmul
    sin_i_x.o(i.____kernel_sin$lsc) refers to poly.o(i.__kernel_poly) for __kernel_poly
    sin_i_x.o(i.____kernel_sin$lsc) refers to dscalb.o(.text) for __ARM_scalbn
    sin_i_x.o(i.____kernel_sin$lsc) refers to dadd.o(.text) for __aeabi_dsub
    sin_i_x.o(i.____kernel_sin$lsc) refers to sin_i_x.o(.constdata) for .constdata
    sin_i_x.o(.constdata) refers (Special) to iusefp.o(.text) for __I$use$fp
    sqrtf.o(i.__softfp_sqrtf) refers (Special) to iusefp.o(.text) for __I$use$fp
    sqrtf.o(i.__softfp_sqrtf) refers to fsqrt.o(.text) for _fsqrt
    sqrtf.o(i.__softfp_sqrtf) refers to errno.o(i.__set_errno) for __set_errno
    sqrtf.o(i.sqrtf) refers (Special) to iusefp.o(.text) for __I$use$fp
    sqrtf.o(i.sqrtf) refers to fsqrt.o(.text) for _fsqrt
    sqrtf.o(i.sqrtf) refers to errno.o(i.__set_errno) for __set_errno
    sqrtf_x.o(i.____softfp_sqrtf$lsc) refers (Special) to iusefp.o(.text) for __I$use$fp
    sqrtf_x.o(i.____softfp_sqrtf$lsc) refers to errno.o(i.__set_errno) for __set_errno
    sqrtf_x.o(i.____softfp_sqrtf$lsc) refers to fsqrt.o(.text) for _fsqrt
    sqrtf_x.o(i.__sqrtf$lsc) refers (Special) to iusefp.o(.text) for __I$use$fp
    sqrtf_x.o(i.__sqrtf$lsc) refers to errno.o(i.__set_errno) for __set_errno
    sqrtf_x.o(i.__sqrtf$lsc) refers to fsqrt.o(.text) for _fsqrt
    entry2.o(.ARM.Collect$$$$00000001) refers to entry2.o(.ARM.Collect$$$$00002712) for __lit__00000000
    entry2.o(.ARM.Collect$$$$00002712) refers to startup_mkl25z4.o(STACK) for __initial_sp
    entry2.o(__vectab_stack_and_reset_area) refers to startup_mkl25z4.o(STACK) for __initial_sp
    entry2.o(__vectab_stack_and_reset_area) refers to entry.o(.ARM.Collect$$$$00000000) for __main
    entry5.o(.ARM.Collect$$$$00000004) refers to init.o(.text) for __scatterload
    entry9a.o(.ARM.Collect$$$$0000000B) refers to main.o(.text) for main
    entry9b.o(.ARM.Collect$$$$0000000C) refers to main.o(.text) for main
    errno.o(i.__aeabi_errno_addr) refers to errno.o(.data) for .data
    errno.o(i.__read_errno) refers to errno.o(.data) for .data
    errno.o(i.__set_errno) refers to errno.o(.data) for .data
    fadd.o(.text) refers to fepilogue.o(.text) for _float_epilogue
    fdiv.o(.text) refers to fepilogue.o(.text) for _float_round
    depilogue.o(.text) refers to depilogue.o(i.__ARM_clz) for __ARM_clz
    depilogue.o(.text) refers to llshl.o(.text) for __aeabi_llsl
    depilogue.o(.text) refers to llushr.o(.text) for __aeabi_llsr
    fpclassify.o(i.__ARM_fpclassify) refers (Special) to iusefp.o(.text) for __I$use$fp
    poly.o(i.__kernel_poly) refers (Special) to iusefp.o(.text) for __I$use$fp
    poly.o(i.__kernel_poly) refers to dmul.o(.text) for __aeabi_dmul
    poly.o(i.__kernel_poly) refers to dadd.o(.text) for __aeabi_dadd
    init.o(.text) refers to entry5.o(.ARM.Collect$$$$00000004) for __main_after_scatterload
    fsqrt.o(.text) refers to fepilogue.o(.text) for _float_round
    ddiv.o(.text) refers to depilogue.o(.text) for _double_round
    dflti.o(.text) refers to depilogue.o(.text) for _double_epilogue
    dfixi.o(.text) refers to llushr.o(.text) for __aeabi_llsr
    rred.o(i.__ARM_common_ll_muluu) refers (Special) to iusefp.o(.text) for __I$use$fp


==============================================================================

Removing Unused input sections from the image.

    Removing system_mkl25z4.o(.rev16_text), (4 bytes).
    Removing system_mkl25z4.o(.revsh_text), (4 bytes).
    Removing startup_mkl25z4.o(HEAP), (0 bytes).
    Removing lcd_4bit.o(.rev16_text), (4 bytes).
    Removing lcd_4bit.o(.revsh_text), (4 bytes).
    Removing lcd_4bit.o(.text), (568 bytes).
    Removing main.o(.rev16_text), (4 bytes).
    Removing main.o(.revsh_text), (4 bytes).
    Removing leds.o(.rev16_text), (4 bytes).
    Removing leds.o(.revsh_text), (4 bytes).
    Removing timers.o(.rev16_text), (4 bytes).
    Removing timers.o(.revsh_text), (4 bytes).
    Removing timers.o(.data), (4 bytes).
    Removing timers.o(.data), (4 bytes).
    Removing i2c.o(.rev16_text), (4 bytes).
    Removing i2c.o(.revsh_text), (4 bytes).
    Removing mma8451.o(.rev16_text), (4 bytes).
    Removing mma8451.o(.revsh_text), (4 bytes).
    Removing mma8451.o(.data), (4 bytes).
    Removing delay.o(.rev16_text), (4 bytes).
    Removing delay.o(.revsh_text), (4 bytes).
    Removing sine_table.o(.rev16_text), (4 bytes).
    Removing sine_table.o(.revsh_text), (4 bytes).
    Removing sine_table.o(.text), (156 bytes).
    Removing sine_table.o(.bss), (128 bytes).
    Removing profile.o(.rev16_text), (4 bytes).
    Removing profile.o(.revsh_text), (4 bytes).
    Removing dadd.o(.text), (356 bytes).
    Removing dmul.o(.text), (208 bytes).
    Removing dfltui.o(.text), (28 bytes).
    Removing dfixui.o(.text), (60 bytes).
    Removing depilogue.o(.text), (190 bytes).
    Removing ddiv.o(.text), (240 bytes).
    Removing dscalb.o(.text), (44 bytes).
    Removing dflti.o(.text), (40 bytes).
    Removing dfixi.o(.text), (72 bytes).
    Removing depilogue.o(i.__ARM_clz), (46 bytes).

37 unused section(s) (total 2228 bytes) removed from the image.

==============================================================================

Image Symbol Table

    Local Symbols

    Symbol Name                              Value     Ov Type        Size  Object(Section)

    RESET                                    0x00000000   Section      192  startup_mkl25z4.o(RESET)
    ../clib/microlib/division.c              0x00000000   Number         0  uidiv.o ABSOLUTE
    ../clib/microlib/errno.c                 0x00000000   Number         0  errno.o ABSOLUTE
    ../clib/microlib/init/entry.s            0x00000000   Number         0  entry2.o ABSOLUTE
    ../clib/microlib/init/entry.s            0x00000000   Number         0  entry.o ABSOLUTE
    ../clib/microlib/init/entry.s            0x00000000   Number         0  entry11b.o ABSOLUTE
    ../clib/microlib/init/entry.s            0x00000000   Number         0  entry11a.o ABSOLUTE
    ../clib/microlib/init/entry.s            0x00000000   Number         0  entry10b.o ABSOLUTE
    ../clib/microlib/init/entry.s            0x00000000   Number         0  entry10a.o ABSOLUTE
    ../clib/microlib/init/entry.s            0x00000000   Number         0  entry9b.o ABSOLUTE
    ../clib/microlib/init/entry.s            0x00000000   Number         0  entry9a.o ABSOLUTE
    ../clib/microlib/init/entry.s            0x00000000   Number         0  entry8b.o ABSOLUTE
    ../clib/microlib/init/entry.s            0x00000000   Number         0  entry8a.o ABSOLUTE
    ../clib/microlib/init/entry.s            0x00000000   Number         0  entry7b.o ABSOLUTE
    ../clib/microlib/init/entry.s            0x00000000   Number         0  entry7a.o ABSOLUTE
    ../clib/microlib/init/entry.s            0x00000000   Number         0  entry5.o ABSOLUTE
    ../clib/microlib/longlong.c              0x00000000   Number         0  llshl.o ABSOLUTE
    ../clib/microlib/longlong.c              0x00000000   Number         0  llsshr.o ABSOLUTE
    ../clib/microlib/longlong.c              0x00000000   Number         0  llushr.o ABSOLUTE
    ../clib/microlib/stubs.s                 0x00000000   Number         0  iusefp.o ABSOLUTE
    ../fplib/microlib/fpadd.c                0x00000000   Number         0  dadd.o ABSOLUTE
    ../fplib/microlib/fpadd.c                0x00000000   Number         0  fadd.o ABSOLUTE
    ../fplib/microlib/fpdiv.c                0x00000000   Number         0  fdiv.o ABSOLUTE
    ../fplib/microlib/fpdiv.c                0x00000000   Number         0  ddiv.o ABSOLUTE
    ../fplib/microlib/fpepilogue.c           0x00000000   Number         0  depilogue.o ABSOLUTE
    ../fplib/microlib/fpepilogue.c           0x00000000   Number         0  fepilogue.o ABSOLUTE
    ../fplib/microlib/fpfix.c                0x00000000   Number         0  dfixui.o ABSOLUTE
    ../fplib/microlib/fpfix.c                0x00000000   Number         0  dfixi.o ABSOLUTE
    ../fplib/microlib/fpflt.c                0x00000000   Number         0  dflti.o ABSOLUTE
    ../fplib/microlib/fpflt.c                0x00000000   Number         0  dfltui.o ABSOLUTE
    ../fplib/microlib/fpflt.c                0x00000000   Number         0  fflti.o ABSOLUTE
    ../fplib/microlib/fpmul.c                0x00000000   Number         0  fmul.o ABSOLUTE
    ../fplib/microlib/fpmul.c                0x00000000   Number         0  dmul.o ABSOLUTE
    ../fplib/microlib/fpscalb.c              0x00000000   Number         0  dscalb.o ABSOLUTE
    ../fplib/microlib/fpscalb.c              0x00000000   Number         0  fscalb.o ABSOLUTE
    ../fplib/microlib/fpsqrt.c               0x00000000   Number         0  fsqrt.o ABSOLUTE
    ../mathlib/asinf.c                       0x00000000   Number         0  asinf.o ABSOLUTE
    ../mathlib/asinf.c                       0x00000000   Number         0  asinf_x.o ABSOLUTE
    ../mathlib/atan2f.c                      0x00000000   Number         0  atan2f.o ABSOLUTE
    ../mathlib/atan2f.c                      0x00000000   Number         0  atan2f_x.o ABSOLUTE
    ../mathlib/cos_i.c                       0x00000000   Number         0  cos_i.o ABSOLUTE
    ../mathlib/dunder.c                      0x00000000   Number         0  dunder.o ABSOLUTE
    ../mathlib/fpclassify.c                  0x00000000   Number         0  fpclassify.o ABSOLUTE
    ../mathlib/fpclassifyf.c                 0x00000000   Number         0  fpclassifyf.o ABSOLUTE
    ../mathlib/funder.c                      0x00000000   Number         0  funder.o ABSOLUTE
    ../mathlib/poly.c                        0x00000000   Number         0  poly.o ABSOLUTE
    ../mathlib/rred.c                        0x00000000   Number         0  rred.o ABSOLUTE
    ../mathlib/sin.c                         0x00000000   Number         0  sin.o ABSOLUTE
    ../mathlib/sin.c                         0x00000000   Number         0  sin_x.o ABSOLUTE
    ../mathlib/sin_i.c                       0x00000000   Number         0  sin_i.o ABSOLUTE
    ../mathlib/sin_i.c                       0x00000000   Number         0  sin_i_x.o ABSOLUTE
    ../mathlib/sqrtf.c                       0x00000000   Number         0  sqrtf_x.o ABSOLUTE
    ../mathlib/sqrtf.c                       0x00000000   Number         0  sqrtf.o ABSOLUTE
    asm\startup_MKL25Z4.s                    0x00000000   Number         0  startup_mkl25z4.o ABSOLUTE
    dc.s                                     0x00000000   Number         0  dc.o ABSOLUTE
    handlers.s                               0x00000000   Number         0  handlers.o ABSOLUTE
    init.s                                   0x00000000   Number         0  init.o ABSOLUTE
    src\LCD_4bit.c                           0x00000000   Number         0  lcd_4bit.o ABSOLUTE
    src\LEDs.c                               0x00000000   Number         0  leds.o ABSOLUTE
    src\\LCD_4bit.c                          0x00000000   Number         0  lcd_4bit.o ABSOLUTE
    src\\LEDs.c                              0x00000000   Number         0  leds.o ABSOLUTE
    src\\delay.c                             0x00000000   Number         0  delay.o ABSOLUTE
    src\\i2c.c                               0x00000000   Number         0  i2c.o ABSOLUTE
    src\\main.c                              0x00000000   Number         0  main.o ABSOLUTE
    src\\mma8451.c                           0x00000000   Number         0  mma8451.o ABSOLUTE
    src\\profile.c                           0x00000000   Number         0  profile.o ABSOLUTE
    src\\sine_table.c                        0x00000000   Number         0  sine_table.o ABSOLUTE
    src\\system_MKL25Z4.c                    0x00000000   Number         0  system_mkl25z4.o ABSOLUTE
    src\\timers.c                            0x00000000   Number         0  timers.o ABSOLUTE
    src\delay.c                              0x00000000   Number         0  delay.o ABSOLUTE
    src\i2c.c                                0x00000000   Number         0  i2c.o ABSOLUTE
    src\main.c                               0x00000000   Number         0  main.o ABSOLUTE
    src\mma8451.c                            0x00000000   Number         0  mma8451.o ABSOLUTE
    src\profile.c                            0x00000000   Number         0  profile.o ABSOLUTE
    src\region.c                             0x00000000   Number         0  region.o ABSOLUTE
    src\sine_table.c                         0x00000000   Number         0  sine_table.o ABSOLUTE
    src\system_MKL25Z4.c                     0x00000000   Number         0  system_mkl25z4.o ABSOLUTE
    src\timers.c                             0x00000000   Number         0  timers.o ABSOLUTE
    .ARM.Collect$$$$00000000                 0x000000c0   Section        0  entry.o(.ARM.Collect$$$$00000000)
    .ARM.Collect$$$$00000001                 0x000000c0   Section        4  entry2.o(.ARM.Collect$$$$00000001)
    .ARM.Collect$$$$00000004                 0x000000c4   Section        4  entry5.o(.ARM.Collect$$$$00000004)
    .ARM.Collect$$$$00000008                 0x000000c8   Section        0  entry7b.o(.ARM.Collect$$$$00000008)
    .ARM.Collect$$$$0000000A                 0x000000c8   Section        0  entry8b.o(.ARM.Collect$$$$0000000A)
    .ARM.Collect$$$$0000000B                 0x000000c8   Section        8  entry9a.o(.ARM.Collect$$$$0000000B)
    .ARM.Collect$$$$0000000D                 0x000000d0   Section        0  entry10a.o(.ARM.Collect$$$$0000000D)
    .ARM.Collect$$$$0000000F                 0x000000d0   Section        0  entry11a.o(.ARM.Collect$$$$0000000F)
    .ARM.Collect$$$$00002712                 0x000000d0   Section        4  entry2.o(.ARM.Collect$$$$00002712)
    __lit__00000000                          0x000000d0   Data           4  entry2.o(.ARM.Collect$$$$00002712)
    .text                                    0x000000d4   Section        0  system_mkl25z4.o(.text)
    .text                                    0x00000260   Section       28  startup_mkl25z4.o(.text)
    .text                                    0x0000027c   Section        0  main.o(.text)
    .text                                    0x000002e8   Section        0  leds.o(.text)
    .text                                    0x00000384   Section        0  delay.o(.text)
    .text                                    0x0000039c   Section        0  uidiv.o(.text)
    .text                                    0x000003c8   Section        0  fscalb.o(.text)
    .text                                    0x000003e0   Section        0  fflti.o(.text)
    .text                                    0x000003f6   Section        0  iusefp.o(.text)
    i.__mathlib_flt_infnan                   0x000003f6   Section        0  funder.o(i.__mathlib_flt_infnan)
    .ARM.__at_0x400                          0x00000400   Section       16  startup_mkl25z4.o(.ARM.__at_0x400)
    .text                                    0x00000410   Section        0  timers.o(.text)
    .text                                    0x000005c0   Section        0  i2c.o(.text)
    .text                                    0x00000754   Section        0  mma8451.o(.text)
    .text                                    0x00000880   Section        0  profile.o(.text)
    .text                                    0x000008e8   Section        0  fmul.o(.text)
    .text                                    0x00000962   Section        0  fepilogue.o(.text)
    .text                                    0x000009e4   Section        0  fadd.o(.text)
    .text                                    0x00000a96   Section        0  fdiv.o(.text)
    .text                                    0x00000b14   Section       36  init.o(.text)
    .text                                    0x00000b38   Section        0  fsqrt.o(.text)
    i.__ARM_fpclassifyf                      0x00000b90   Section        0  fpclassifyf.o(i.__ARM_fpclassifyf)
    i.__mathlib_flt_infnan2                  0x00000bb2   Section        0  funder.o(i.__mathlib_flt_infnan2)
    i.__mathlib_flt_invalid                  0x00000bba   Section        0  funder.o(i.__mathlib_flt_invalid)
    i.__mathlib_flt_underflow                0x00000bc6   Section        0  funder.o(i.__mathlib_flt_underflow)
    i.__scatterload_copy                     0x00000bd4   Section       14  handlers.o(i.__scatterload_copy)
    i.__scatterload_null                     0x00000be2   Section        2  handlers.o(i.__scatterload_null)
    i.__scatterload_zeroinit                 0x00000be4   Section       14  handlers.o(i.__scatterload_zeroinit)
    i.__set_errno                            0x00000bf4   Section        0  errno.o(i.__set_errno)
    i.asinf                                  0x00000c00   Section        0  asinf.o(i.asinf)
    i.atan2f                                 0x00000d18   Section        0  atan2f.o(i.atan2f)
    i.sqrtf                                  0x00000f74   Section        0  sqrtf.o(i.sqrtf)
    .constdata                               0x00000fa0   Section     2176  region.o(.constdata)
    .constdata                               0x00001820   Section        4  region.o(.constdata)
    .data                                    0x1ffff000   Section        4  system_mkl25z4.o(.data)
    .data                                    0x1ffff004   Section        4  timers.o(.data)
    .data                                    0x1ffff008   Section       16  mma8451.o(.data)
    .data                                    0x1ffff018   Section        4  profile.o(.data)
    .data                                    0x1ffff01c   Section        4  profile.o(.data)
    .data                                    0x1ffff020   Section        4  profile.o(.data)
    .data                                    0x1ffff024   Section        1  profile.o(.data)
    .data                                    0x1ffff028   Section        4  errno.o(.data)
    _errno                                   0x1ffff028   Data           4  errno.o(.data)
    .bss                                     0x1ffff02c   Section      272  region.o(.bss)
    STACK                                    0x1ffff140   Section     1024  startup_mkl25z4.o(STACK)

    Global Symbols

    Symbol Name                              Value     Ov Type        Size  Object(Section)

    BuildAttributes$$THM_ISAv3M$S$PE$A:L22$X:L11$S22$IEEE1$IW$USESV6$~STKCKD$USESV7$~SHL$OTIME$ROPI$IEEEX$EBA8$MICROLIB$REQ8$PRES8$EABIv2 0x00000000   Number         0  anon$$obj.o ABSOLUTE
    __ARM_use_no_argv                        0x00000000   Number         0  main.o ABSOLUTE
    __Vectors                                0x00000000   Data           4  startup_mkl25z4.o(RESET)
    __cpp_initialize__aeabi_                  - Undefined Weak Reference
    __cxa_finalize                            - Undefined Weak Reference
    __decompress                              - Undefined Weak Reference
    _clock_init                               - Undefined Weak Reference
    _microlib_exit                            - Undefined Weak Reference
    __Vectors_End                            0x000000c0   Data           0  startup_mkl25z4.o(RESET)
    __Vectors_Size                           0x000000c0   Number         0  startup_mkl25z4.o ABSOLUTE
    __main                                   0x000000c1   Thumb Code     0  entry.o(.ARM.Collect$$$$00000000)
    _main_stk                                0x000000c1   Thumb Code     0  entry2.o(.ARM.Collect$$$$00000001)
    _main_scatterload                        0x000000c5   Thumb Code     0  entry5.o(.ARM.Collect$$$$00000004)
    __main_after_scatterload                 0x000000c9   Thumb Code     0  entry5.o(.ARM.Collect$$$$00000004)
    _main_clock                              0x000000c9   Thumb Code     0  entry7b.o(.ARM.Collect$$$$00000008)
    _main_cpp_init                           0x000000c9   Thumb Code     0  entry8b.o(.ARM.Collect$$$$0000000A)
    _main_init                               0x000000c9   Thumb Code     0  entry9a.o(.ARM.Collect$$$$0000000B)
    __rt_final_cpp                           0x000000d1   Thumb Code     0  entry10a.o(.ARM.Collect$$$$0000000D)
    __rt_final_exit                          0x000000d1   Thumb Code     0  entry11a.o(.ARM.Collect$$$$0000000F)
    SystemInit                               0x000000d5   Thumb Code   120  system_mkl25z4.o(.text)
    SystemCoreClockUpdate                    0x0000014d   Thumb Code   224  system_mkl25z4.o(.text)
    Reset_Handler                            0x00000261   Thumb Code     8  startup_mkl25z4.o(.text)
    NMI_Handler                              0x00000269   Thumb Code     2  startup_mkl25z4.o(.text)
    HardFault_Handler                        0x0000026b   Thumb Code     2  startup_mkl25z4.o(.text)
    SVC_Handler                              0x0000026d   Thumb Code     2  startup_mkl25z4.o(.text)
    PendSV_Handler                           0x0000026f   Thumb Code     2  startup_mkl25z4.o(.text)
    SysTick_Handler                          0x00000271   Thumb Code     2  startup_mkl25z4.o(.text)
    ADC0_IRQHandler                          0x00000273   Thumb Code     0  startup_mkl25z4.o(.text)
    CMP0_IRQHandler                          0x00000273   Thumb Code     0  startup_mkl25z4.o(.text)
    DAC0_IRQHandler                          0x00000273   Thumb Code     0  startup_mkl25z4.o(.text)
    DMA0_IRQHandler                          0x00000273   Thumb Code     0  startup_mkl25z4.o(.text)
    DMA1_IRQHandler                          0x00000273   Thumb Code     0  startup_mkl25z4.o(.text)
    DMA2_IRQHandler                          0x00000273   Thumb Code     0  startup_mkl25z4.o(.text)
    DMA3_IRQHandler                          0x00000273   Thumb Code     0  startup_mkl25z4.o(.text)
    DefaultISR                               0x00000273   Thumb Code     0  startup_mkl25z4.o(.text)
    FTFA_IRQHandler                          0x00000273   Thumb Code     0  startup_mkl25z4.o(.text)
    I2C0_IRQHandler                          0x00000273   Thumb Code     0  startup_mkl25z4.o(.text)
    I2C1_IRQHandler                          0x00000273   Thumb Code     0  startup_mkl25z4.o(.text)
    LLW_IRQHandler                           0x00000273   Thumb Code     0  startup_mkl25z4.o(.text)
    LPTimer_IRQHandler                       0x00000273   Thumb Code     0  startup_mkl25z4.o(.text)
    LVD_LVW_IRQHandler                       0x00000273   Thumb Code     0  startup_mkl25z4.o(.text)
    MCG_IRQHandler                           0x00000273   Thumb Code     0  startup_mkl25z4.o(.text)
    PORTA_IRQHandler                         0x00000273   Thumb Code     0  startup_mkl25z4.o(.text)
    PORTD_IRQHandler                         0x00000273   Thumb Code     0  startup_mkl25z4.o(.text)
    RTC_IRQHandler                           0x00000273   Thumb Code     0  startup_mkl25z4.o(.text)
    RTC_Seconds_IRQHandler                   0x00000273   Thumb Code     0  startup_mkl25z4.o(.text)
    Reserved20_IRQHandler                    0x00000273   Thumb Code     0  startup_mkl25z4.o(.text)
    Reserved39_IRQHandler                    0x00000273   Thumb Code     0  startup_mkl25z4.o(.text)
    Reserved45_IRQHandler                    0x00000273   Thumb Code     0  startup_mkl25z4.o(.text)
    SPI0_IRQHandler                          0x00000273   Thumb Code     0  startup_mkl25z4.o(.text)
    SPI1_IRQHandler                          0x00000273   Thumb Code     0  startup_mkl25z4.o(.text)
    TPM0_IRQHandler                          0x00000273   Thumb Code     0  startup_mkl25z4.o(.text)
    TPM1_IRQHandler                          0x00000273   Thumb Code     0  startup_mkl25z4.o(.text)
    TPM2_IRQHandler                          0x00000273   Thumb Code     0  startup_mkl25z4.o(.text)
    TSI0_IRQHandler                          0x00000273   Thumb Code     0  startup_mkl25z4.o(.text)
    UART0_IRQHandler                         0x00000273   Thumb Code     0  startup_mkl25z4.o(.text)
    UART1_IRQHandler                         0x00000273   Thumb Code     0  startup_mkl25z4.o(.text)
    UART2_IRQHandler                         0x00000273   Thumb Code     0  startup_mkl25z4.o(.text)
    USB0_IRQHandler                          0x00000273   Thumb Code     0  startup_mkl25z4.o(.text)
    main                                     0x0000027d   Thumb Code   102  main.o(.text)
    Init_RGB_LEDs                            0x000002e9   Thumb Code    82  leds.o(.text)
    Control_RGB_LEDs                         0x0000033b   Thumb Code    52  leds.o(.text)
    Delay                                    0x00000385   Thumb Code    20  delay.o(.text)
    __aeabi_uidiv                            0x0000039d   Thumb Code     0  uidiv.o(.text)
    __aeabi_uidivmod                         0x0000039d   Thumb Code    44  uidiv.o(.text)
    __ARM_scalbnf                            0x000003c9   Thumb Code    24  fscalb.o(.text)
    scalbnf                                  0x000003c9   Thumb Code     0  fscalb.o(.text)
    __aeabi_i2f                              0x000003e1   Thumb Code    22  fflti.o(.text)
    __I$use$fp                               0x000003f7   Thumb Code     0  iusefp.o(.text)
    __mathlib_flt_infnan                     0x000003f7   Thumb Code    10  funder.o(i.__mathlib_flt_infnan)
    PIT_IRQHandler                           0x00000411   Thumb Code   138  timers.o(.text)
    Init_PIT                                 0x0000049b   Thumb Code    76  timers.o(.text)
    Start_PIT                                0x000004e7   Thumb Code    12  timers.o(.text)
    Stop_PIT                                 0x000004f3   Thumb Code    12  timers.o(.text)
    Init_PWM                                 0x000004ff   Thumb Code    82  timers.o(.text)
    Set_PWM_Values                           0x00000551   Thumb Code    26  timers.o(.text)
    i2c_init                                 0x000005c1   Thumb Code    52  i2c.o(.text)
    i2c_start                                0x000005f5   Thumb Code    20  i2c.o(.text)
    i2c_read_setup                           0x00000609   Thumb Code    72  i2c.o(.text)
    i2c_repeated_read                        0x00000651   Thumb Code    52  i2c.o(.text)
    i2c_read_byte                            0x00000685   Thumb Code   120  i2c.o(.text)
    i2c_write_byte                           0x000006fd   Thumb Code    76  i2c.o(.text)
    init_mma                                 0x00000755   Thumb Code    54  mma8451.o(.text)
    read_full_xyz                            0x0000078b   Thumb Code    96  mma8451.o(.text)
    read_xyz                                 0x000007eb   Thumb Code    54  mma8451.o(.text)
    convert_xyz_to_roll_pitch                0x00000821   Thumb Code    88  mma8451.o(.text)
    Init_Profiling                           0x00000881   Thumb Code    72  profile.o(.text)
    Disable_Profiling                        0x000008c9   Thumb Code     8  profile.o(.text)
    Enable_Profiling                         0x000008d1   Thumb Code     8  profile.o(.text)
    __aeabi_fmul                             0x000008e9   Thumb Code   122  fmul.o(.text)
    _float_round                             0x00000963   Thumb Code    16  fepilogue.o(.text)
    _float_epilogue                          0x00000973   Thumb Code   114  fepilogue.o(.text)
    __aeabi_fadd                             0x000009e5   Thumb Code   162  fadd.o(.text)
    __aeabi_fsub                             0x00000a87   Thumb Code     8  fadd.o(.text)
    __aeabi_frsub                            0x00000a8f   Thumb Code     8  fadd.o(.text)
    __aeabi_fdiv                             0x00000a97   Thumb Code   124  fdiv.o(.text)
    __scatterload                            0x00000b15   Thumb Code    28  init.o(.text)
    __scatterload_rt2                        0x00000b15   Thumb Code     0  init.o(.text)
    _fsqrt                                   0x00000b39   Thumb Code    88  fsqrt.o(.text)
    __ARM_fpclassifyf                        0x00000b91   Thumb Code    34  fpclassifyf.o(i.__ARM_fpclassifyf)
    __mathlib_flt_infnan2                    0x00000bb3   Thumb Code     8  funder.o(i.__mathlib_flt_infnan2)
    __mathlib_flt_invalid                    0x00000bbb   Thumb Code    12  funder.o(i.__mathlib_flt_invalid)
    __mathlib_flt_underflow                  0x00000bc7   Thumb Code    14  funder.o(i.__mathlib_flt_underflow)
    __scatterload_copy                       0x00000bd5   Thumb Code    14  handlers.o(i.__scatterload_copy)
    __scatterload_null                       0x00000be3   Thumb Code     2  handlers.o(i.__scatterload_null)
    __scatterload_zeroinit                   0x00000be5   Thumb Code    14  handlers.o(i.__scatterload_zeroinit)
    __set_errno                              0x00000bf5   Thumb Code     6  errno.o(i.__set_errno)
    asinf                                    0x00000c01   Thumb Code   242  asinf.o(i.asinf)
    atan2f                                   0x00000d19   Thumb Code   526  atan2f.o(i.atan2f)
    sqrtf                                    0x00000f75   Thumb Code    44  sqrtf.o(i.sqrtf)
    RegionTable                              0x00000fa0   Data        2176  region.o(.constdata)
    NumProfileRegions                        0x00001820   Data           4  region.o(.constdata)
    Region$$Table$$Base                      0x00001824   Number         0  anon$$obj.o(Region$$Table)
    Region$$Table$$Limit                     0x00001844   Number         0  anon$$obj.o(Region$$Table)
    SystemCoreClock                          0x1ffff000   Data           4  system_mkl25z4.o(.data)
    PC_val                                   0x1ffff004   Data           4  timers.o(.data)
    acc_X                                    0x1ffff008   Data           2  mma8451.o(.data)
    acc_Y                                    0x1ffff00a   Data           2  mma8451.o(.data)
    acc_Z                                    0x1ffff00c   Data           2  mma8451.o(.data)
    roll                                     0x1ffff010   Data           4  mma8451.o(.data)
    pitch                                    0x1ffff014   Data           4  mma8451.o(.data)
    adx_lost                                 0x1ffff018   Data           4  profile.o(.data)
    num_lost                                 0x1ffff01c   Data           4  profile.o(.data)
    profile_ticks                            0x1ffff020   Data           4  profile.o(.data)
    profiling_enabled                        0x1ffff024   Data           1  profile.o(.data)
    RegionCount                              0x1ffff02c   Data         272  region.o(.bss)
    __initial_sp                             0x1ffff540   Data           0  startup_mkl25z4.o(STACK)



==============================================================================

Memory Map of the image

  Image Entry point : 0x000000c1

  Load Region LR_IROM1 (Base: 0x00000000, Size: 0x00001870, Max: 0x00020000, ABSOLUTE)

    Execution Region ER_IROM1 (Base: 0x00000000, Size: 0x00001844, Max: 0x00020000, ABSOLUTE)

    Base Addr    Size         Type   Attr      Idx    E Section Name        Object

    0x00000000   0x000000c0   Data   RO           47    RESET               startup_mkl25z4.o
    0x000000c0   0x00000000   Code   RO          350  * .ARM.Collect$$$$00000000  mc_p.l(entry.o)
    0x000000c0   0x00000004   Code   RO          423    .ARM.Collect$$$$00000001  mc_p.l(entry2.o)
    0x000000c4   0x00000004   Code   RO          426    .ARM.Collect$$$$00000004  mc_p.l(entry5.o)
    0x000000c8   0x00000000   Code   RO          428    .ARM.Collect$$$$00000008  mc_p.l(entry7b.o)
    0x000000c8   0x00000000   Code   RO          430    .ARM.Collect$$$$0000000A  mc_p.l(entry8b.o)
    0x000000c8   0x00000008   Code   RO          431    .ARM.Collect$$$$0000000B  mc_p.l(entry9a.o)
    0x000000d0   0x00000000   Code   RO          433    .ARM.Collect$$$$0000000D  mc_p.l(entry10a.o)
    0x000000d0   0x00000000   Code   RO          435    .ARM.Collect$$$$0000000F  mc_p.l(entry11a.o)
    0x000000d0   0x00000004   Code   RO          424    .ARM.Collect$$$$00002712  mc_p.l(entry2.o)
    0x000000d4   0x0000018c   Code   RO            3    .text               system_mkl25z4.o
    0x00000260   0x0000001c   Code   RO           49    .text               startup_mkl25z4.o
    0x0000027c   0x0000006c   Code   RO           94    .text               main.o
    0x000002e8   0x0000009c   Code   RO          144    .text               leds.o
    0x00000384   0x00000018   Code   RO          245    .text               delay.o
    0x0000039c   0x0000002c   Code   RO          353    .text               mc_p.l(uidiv.o)
    0x000003c8   0x00000018   Code   RO          357    .text               mf_p.l(fscalb.o)
    0x000003e0   0x00000016   Code   RO          363    .text               mf_p.l(fflti.o)
    0x000003f6   0x00000000   Code   RO          450    .text               mc_p.l(iusefp.o)
    0x000003f6   0x0000000a   Code   RO          389    i.__mathlib_flt_infnan  m_ps.l(funder.o)
    0x00000400   0x00000010   Code   RO           48    .ARM.__at_0x400     startup_mkl25z4.o
    0x00000410   0x000001b0   Code   RO          164    .text               timers.o
    0x000005c0   0x00000194   Code   RO          197    .text               i2c.o
    0x00000754   0x0000012c   Code   RO          217    .text               mma8451.o
    0x00000880   0x00000068   Code   RO          288    .text               profile.o
    0x000008e8   0x0000007a   Code   RO          355    .text               mf_p.l(fmul.o)
    0x00000962   0x00000082   Code   RO          451    .text               mf_p.l(fepilogue.o)
    0x000009e4   0x000000b2   Code   RO          453    .text               mf_p.l(fadd.o)
    0x00000a96   0x0000007c   Code   RO          455    .text               mf_p.l(fdiv.o)
    0x00000b12   0x00000002   PAD
    0x00000b14   0x00000024   Code   RO          465    .text               mc_p.l(init.o)
    0x00000b38   0x00000058   Code   RO          467    .text               mf_p.l(fsqrt.o)
    0x00000b90   0x00000022   Code   RO          386    i.__ARM_fpclassifyf  m_ps.l(fpclassifyf.o)
    0x00000bb2   0x00000008   Code   RO          390    i.__mathlib_flt_infnan2  m_ps.l(funder.o)
    0x00000bba   0x0000000c   Code   RO          391    i.__mathlib_flt_invalid  m_ps.l(funder.o)
    0x00000bc6   0x0000000e   Code   RO          394    i.__mathlib_flt_underflow  m_ps.l(funder.o)
    0x00000bd4   0x0000000e   Code   RO          479    i.__scatterload_copy  mc_p.l(handlers.o)
    0x00000be2   0x00000002   Code   RO          480    i.__scatterload_null  mc_p.l(handlers.o)
    0x00000be4   0x0000000e   Code   RO          481    i.__scatterload_zeroinit  mc_p.l(handlers.o)
    0x00000bf2   0x00000002   PAD
    0x00000bf4   0x0000000c   Code   RO          445    i.__set_errno       mc_p.l(errno.o)
    0x00000c00   0x00000118   Code   RO          327    i.asinf             m_ps.l(asinf.o)
    0x00000d18   0x0000025c   Code   RO          335    i.atan2f            m_ps.l(atan2f.o)
    0x00000f74   0x0000002c   Code   RO          416    i.sqrtf             m_ps.l(sqrtf.o)
    0x00000fa0   0x00000880   Data   RO          313    .constdata          region.o
    0x00001820   0x00000004   Data   RO          314    .constdata          region.o
    0x00001824   0x00000020   Data   RO          477    Region$$Table       anon$$obj.o


    Execution Region RW_IRAM1 (Base: 0x1ffff000, Size: 0x00000540, Max: 0x00001000, ABSOLUTE)

    Base Addr    Size         Type   Attr      Idx    E Section Name        Object

    0x1ffff000   0x00000004   Data   RW            4    .data               system_mkl25z4.o
    0x1ffff004   0x00000004   Data   RW          167    .data               timers.o
    0x1ffff008   0x00000010   Data   RW          218    .data               mma8451.o
    0x1ffff018   0x00000004   Data   RW          289    .data               profile.o
    0x1ffff01c   0x00000004   Data   RW          290    .data               profile.o
    0x1ffff020   0x00000004   Data   RW          291    .data               profile.o
    0x1ffff024   0x00000001   Data   RW          292    .data               profile.o
    0x1ffff025   0x00000003   PAD
    0x1ffff028   0x00000004   Data   RW          446    .data               mc_p.l(errno.o)
    0x1ffff02c   0x00000110   Zero   RW          312    .bss                region.o
    0x1ffff13c   0x00000004   PAD
    0x1ffff140   0x00000400   Zero   RW           45    STACK               startup_mkl25z4.o


==============================================================================

Image component sizes


      Code (inc. data)   RO Data    RW Data    ZI Data      Debug   Object Name

        24          4          0          0          0        768   delay.o
       404         12          0          0          0       1439   i2c.o
       156         22          0          0          0        729   leds.o
       108          6          0          0          0        523   main.o
       300          8          0         16          0       1530   mma8451.o
       104         16          0         13          0       1204   profile.o
         0          0       2180          0        272       1020   region.o
        44         24        192          0       1024        852   startup_mkl25z4.o
       396         60          0          4          0      98701   system_mkl25z4.o
       432         86          0          4          0       7681   timers.o

    ----------------------------------------------------------------------
      1968        238       2404         40       1300     114447   Object Totals
         0          0         32          0          0          0   (incl. Generated)
         0          0          0          3          4          0   (incl. Padding)

    ----------------------------------------------------------------------

      Code (inc. data)   RO Data    RW Data    ZI Data      Debug   Library Member Name

       280         38          0          0          0         76   asinf.o
       604         78          0          0          0        120   atan2f.o
        34          0          0          0          0         60   fpclassifyf.o
        44          0          0          0          0        272   funder.o
        44          0          0          0          0         72   sqrtf.o
         0          0          0          0          0          0   entry.o
         0          0          0          0          0          0   entry10a.o
         0          0          0          0          0          0   entry11a.o
         8          4          0          0          0          0   entry2.o
         4          0          0          0          0          0   entry5.o
         0          0          0          0          0          0   entry7b.o
         0          0          0          0          0          0   entry8b.o
         8          4          0          0          0          0   entry9a.o
        12          6          0          4          0         60   errno.o
        30          0          0          0          0          0   handlers.o
        36          8          0          0          0         68   init.o
         0          0          0          0          0          0   iusefp.o
        44          0          0          0          0         72   uidiv.o
       178          0          0          0          0        108   fadd.o
       124          0          0          0          0         72   fdiv.o
       130          0          0          0          0        144   fepilogue.o
        22          0          0          0          0         68   fflti.o
       122          0          0          0          0         72   fmul.o
        24          0          0          0          0         60   fscalb.o
        88          0          0          0          0         72   fsqrt.o

    ----------------------------------------------------------------------
      1840        138          0          4          0       1396   Library Totals
         4          0          0          0          0          0   (incl. Padding)

    ----------------------------------------------------------------------

      Code (inc. data)   RO Data    RW Data    ZI Data      Debug   Library Name

      1006        116          0          0          0        600   m_ps.l
       142         22          0          4          0        200   mc_p.l
       688          0          0          0          0        596   mf_p.l

    ----------------------------------------------------------------------
      1840        138          0          4          0       1396   Library Totals

    ----------------------------------------------------------------------

==============================================================================


      Code (inc. data)   RO Data    RW Data    ZI Data      Debug   

      3808        376       2404         44       1300     114807   Grand Totals
      3808        376       2404         44       1300     114807   ELF Image Totals
      3808        376       2404         44          0          0   ROM Totals

==============================================================================

    Total RO  Size (Code + RO Data)                 6212 (   6.07kB)
    Total RW  Size (RW Data + ZI Data)              1344 (   1.31kB)
    Total ROM Size (Code + RO Data + RW Data)       6256 (   6.11kB)

==============================================================================

