Component: ARM Compiler 5.05 update 1 (build 106) Tool: armlink [4d0efa]

==============================================================================

Section Cross References

    system_mkl25z4.o(.text) refers to uidiv.o(.text) for __aeabi_uidivmod
    system_mkl25z4.o(.text) refers to system_mkl25z4.o(i.__ARM_common_switch8) for __ARM_common_switch8
    system_mkl25z4.o(.text) refers to system_mkl25z4.o(.data) for .data
    startup_mkl25z4.o(RESET) refers to startup_mkl25z4.o(STACK) for __initial_sp
    startup_mkl25z4.o(RESET) refers to startup_mkl25z4.o(.text) for Reset_Handler
    startup_mkl25z4.o(RESET) refers to timers.o(.text) for PIT_IRQHandler
    startup_mkl25z4.o(.text) refers to system_mkl25z4.o(.text) for SystemInit
    startup_mkl25z4.o(.text) refers to entry.o(.ARM.Collect$$$$00000000) for __main
    lcd_4bit.o(.text) refers to delay.o(.text) for Delay
    main.o(.text) refers to leds.o(.text) for Init_RGB_LEDs
    main.o(.text) refers to i2c.o(.text) for i2c_init
    main.o(.text) refers to mma8451.o(.text) for init_mma
    main.o(.text) refers to delay.o(.text) for Delay
    main.o(.text) refers to profile.o(.text) for Init_Profiling
    timers.o(.text) refers to profile.o(.data) for profiling_enabled
    timers.o(.text) refers to timers.o(.data) for .data
    timers.o(.text) refers to profile.o(.data) for profile_ticks
    timers.o(.text) refers to region.o(.constdata) for NumProfileRegions
    timers.o(.text) refers to region.o(.constdata) for RegionTable
    timers.o(.text) refers to region.o(.bss) for RegionCount
    timers.o(.text) refers to profile.o(.data) for adx_lost
    timers.o(.text) refers to profile.o(.data) for num_lost
    mma8451.o(.text) refers to i2c.o(.text) for i2c_read_byte
    mma8451.o(.text) refers to delay.o(.text) for Delay
    mma8451.o(.text) refers to dflti.o(.text) for __aeabi_i2d
    mma8451.o(.text) refers to dscalb.o(.text) for __ARM_scalbn
    mma8451.o(.text) refers to d2f.o(.text) for __aeabi_d2f
    mma8451.o(.text) refers to f2d.o(.text) for __aeabi_f2d
    mma8451.o(.text) refers to atan2.o(i.atan2) for atan2
    mma8451.o(.text) refers to dmul.o(.text) for __aeabi_dmul
    mma8451.o(.text) refers to ddiv.o(.text) for __aeabi_ddiv
    mma8451.o(.text) refers to fmul.o(.text) for __aeabi_fmul
    mma8451.o(.text) refers to fadd.o(.text) for __aeabi_fadd
    mma8451.o(.text) refers to sqrt.o(i.sqrt) for sqrt
    mma8451.o(.text) refers to mma8451.o(.data) for .data
    sine_table.o(.text) refers to dfltui.o(.text) for __aeabi_ui2d
    sine_table.o(.text) refers to dmul.o(.text) for __aeabi_dmul
    sine_table.o(.text) refers to dscalb.o(.text) for __ARM_scalbn
    sine_table.o(.text) refers to sin.o(i.sin) for sin
    sine_table.o(.text) refers to dadd.o(.text) for __aeabi_dadd
    sine_table.o(.text) refers to dfixui.o(.text) for __aeabi_d2uiz
    sine_table.o(.text) refers to sine_table.o(.bss) for .bss
    profile.o(.text) refers to uidiv.o(.text) for __aeabi_uidivmod
    profile.o(.text) refers to timers.o(.text) for Init_PIT
    profile.o(.text) refers to region.o(.bss) for RegionCount
    profile.o(.text) refers to region.o(.constdata) for NumProfileRegions
    profile.o(.text) refers to system_mkl25z4.o(.data) for SystemCoreClock
    profile.o(.text) refers to profile.o(.data) for .data
    atan2.o(i.__softfp_atan2) refers (Special) to iusefp.o(.text) for __I$use$fp
    atan2.o(i.__softfp_atan2) refers to atan2.o(i.atan2) for atan2
    atan2.o(i.atan2) refers (Special) to iusefp.o(.text) for __I$use$fp
    atan2.o(i.atan2) refers to dunder.o(i.__mathlib_dbl_infnan2) for __mathlib_dbl_infnan2
    atan2.o(i.atan2) refers to atan.o(i.atan) for atan
    atan2.o(i.atan2) refers to ddiv.o(.text) for __aeabi_ddiv
    atan2.o(i.atan2) refers to dadd.o(.text) for __aeabi_dsub
    atan2.o(i.atan2) refers to qnan.o(.constdata) for __mathlib_zero
    atan2_x.o(i.____softfp_atan2$lsc) refers (Special) to iusefp.o(.text) for __I$use$fp
    atan2_x.o(i.____softfp_atan2$lsc) refers to atan2_x.o(i.__atan2$lsc) for __atan2$lsc
    atan2_x.o(i.__atan2$lsc) refers (Special) to iusefp.o(.text) for __I$use$fp
    atan2_x.o(i.__atan2$lsc) refers to dunder.o(i.__mathlib_dbl_infnan2) for __mathlib_dbl_infnan2
    atan2_x.o(i.__atan2$lsc) refers to atan.o(i.atan) for atan
    atan2_x.o(i.__atan2$lsc) refers to errno.o(i.__set_errno) for __set_errno
    atan2_x.o(i.__atan2$lsc) refers to ddiv.o(.text) for __aeabi_ddiv
    atan2_x.o(i.__atan2$lsc) refers to dadd.o(.text) for __aeabi_dsub
    atan2_x.o(i.__atan2$lsc) refers to qnan.o(.constdata) for __mathlib_zero
    sin.o(i.__softfp_sin) refers (Special) to iusefp.o(.text) for __I$use$fp
    sin.o(i.__softfp_sin) refers to sin.o(i.sin) for sin
    sin.o(i.sin) refers (Special) to iusefp.o(.text) for __I$use$fp
    sin.o(i.sin) refers to errno.o(i.__set_errno) for __set_errno
    sin.o(i.sin) refers to dunder.o(i.__mathlib_dbl_invalid) for __mathlib_dbl_invalid
    sin.o(i.sin) refers to dunder.o(i.__mathlib_dbl_infnan) for __mathlib_dbl_infnan
    sin.o(i.sin) refers to rred.o(i.__ieee754_rem_pio2) for __ieee754_rem_pio2
    sin.o(i.sin) refers to cos_i.o(i.__kernel_cos) for __kernel_cos
    sin.o(i.sin) refers to sin_i.o(i.__kernel_sin) for __kernel_sin
    sin_x.o(i.____softfp_sin$lsc) refers (Special) to iusefp.o(.text) for __I$use$fp
    sin_x.o(i.____softfp_sin$lsc) refers to sin_x.o(i.__sin$lsc) for __sin$lsc
    sin_x.o(i.__sin$lsc) refers (Special) to iusefp.o(.text) for __I$use$fp
    sin_x.o(i.__sin$lsc) refers to errno.o(i.__set_errno) for __set_errno
    sin_x.o(i.__sin$lsc) refers to dunder.o(i.__mathlib_dbl_infnan) for __mathlib_dbl_infnan
    sin_x.o(i.__sin$lsc) refers to rred.o(i.__ieee754_rem_pio2) for __ieee754_rem_pio2
    sin_x.o(i.__sin$lsc) refers to cos_i.o(i.__kernel_cos) for __kernel_cos
    sin_x.o(i.__sin$lsc) refers to sin_i.o(i.__kernel_sin) for __kernel_sin
    sqrt.o(i.__softfp_sqrt) refers (Special) to iusefp.o(.text) for __I$use$fp
    sqrt.o(i.__softfp_sqrt) refers to dsqrt.o(.text) for _dsqrt
    sqrt.o(i.__softfp_sqrt) refers to errno.o(i.__set_errno) for __set_errno
    sqrt.o(i.sqrt) refers (Special) to iusefp.o(.text) for __I$use$fp
    sqrt.o(i.sqrt) refers to dsqrt.o(.text) for _dsqrt
    sqrt.o(i.sqrt) refers to errno.o(i.__set_errno) for __set_errno
    sqrt_x.o(i.____softfp_sqrt$lsc) refers (Special) to iusefp.o(.text) for __I$use$fp
    sqrt_x.o(i.____softfp_sqrt$lsc) refers to cdcmple.o(.text) for __aeabi_cdcmple
    sqrt_x.o(i.____softfp_sqrt$lsc) refers to errno.o(i.__set_errno) for __set_errno
    sqrt_x.o(i.____softfp_sqrt$lsc) refers to dsqrt.o(.text) for _dsqrt
    sqrt_x.o(i.__sqrt$lsc) refers (Special) to iusefp.o(.text) for __I$use$fp
    sqrt_x.o(i.__sqrt$lsc) refers to cdcmple.o(.text) for __aeabi_cdcmple
    sqrt_x.o(i.__sqrt$lsc) refers to errno.o(i.__set_errno) for __set_errno
    sqrt_x.o(i.__sqrt$lsc) refers to dsqrt.o(.text) for _dsqrt
    entry.o(.ARM.Collect$$$$00000000) refers (Special) to entry10a.o(.ARM.Collect$$$$0000000D) for __rt_final_cpp
    entry.o(.ARM.Collect$$$$00000000) refers (Special) to entry11a.o(.ARM.Collect$$$$0000000F) for __rt_final_exit
    entry.o(.ARM.Collect$$$$00000000) refers (Special) to entry7b.o(.ARM.Collect$$$$00000008) for _main_clock
    entry.o(.ARM.Collect$$$$00000000) refers (Special) to entry8b.o(.ARM.Collect$$$$0000000A) for _main_cpp_init
    entry.o(.ARM.Collect$$$$00000000) refers (Special) to entry9a.o(.ARM.Collect$$$$0000000B) for _main_init
    entry.o(.ARM.Collect$$$$00000000) refers (Special) to entry5.o(.ARM.Collect$$$$00000004) for _main_scatterload
    entry.o(.ARM.Collect$$$$00000000) refers (Special) to entry2.o(.ARM.Collect$$$$00000001) for _main_stk
    fadd.o(.text) refers (Special) to iusefp.o(.text) for __I$use$fp
    fadd.o(.text) refers to fepilogue.o(.text) for _float_epilogue
    fmul.o(.text) refers (Special) to iusefp.o(.text) for __I$use$fp
    dadd.o(.text) refers (Special) to iusefp.o(.text) for __I$use$fp
    dadd.o(.text) refers to llshl.o(.text) for __aeabi_llsl
    dadd.o(.text) refers to llsshr.o(.text) for __aeabi_lasr
    dadd.o(.text) refers to depilogue.o(.text) for _double_epilogue
    dmul.o(.text) refers (Special) to iusefp.o(.text) for __I$use$fp
    dmul.o(.text) refers to depilogue.o(.text) for _double_epilogue
    ddiv.o(.text) refers (Special) to iusefp.o(.text) for __I$use$fp
    ddiv.o(.text) refers to depilogue.o(.text) for _double_round
    dscalb.o(.text) refers (Special) to iusefp.o(.text) for __I$use$fp
    dflti.o(.text) refers (Special) to iusefp.o(.text) for __I$use$fp
    dflti.o(.text) refers to depilogue.o(.text) for _double_epilogue
    dfltui.o(.text) refers (Special) to iusefp.o(.text) for __I$use$fp
    dfltui.o(.text) refers to depilogue.o(.text) for _double_epilogue
    dfixui.o(.text) refers (Special) to iusefp.o(.text) for __I$use$fp
    dfixui.o(.text) refers to llushr.o(.text) for __aeabi_llsr
    f2d.o(.text) refers (Special) to iusefp.o(.text) for __I$use$fp
    d2f.o(.text) refers (Special) to iusefp.o(.text) for __I$use$fp
    d2f.o(.text) refers to fepilogue.o(.text) for _float_round
    atan.o(i.__softfp_atan) refers (Special) to iusefp.o(.text) for __I$use$fp
    atan.o(i.__softfp_atan) refers to atan.o(i.atan) for atan
    atan.o(i.atan) refers (Special) to iusefp.o(.text) for __I$use$fp
    atan.o(i.atan) refers to dunder.o(i.__mathlib_dbl_infnan) for __mathlib_dbl_infnan
    atan.o(i.atan) refers to fpclassify.o(i.__ARM_fpclassify) for __ARM_fpclassify
    atan.o(i.atan) refers to dunder.o(i.__mathlib_dbl_underflow) for __mathlib_dbl_underflow
    atan.o(i.atan) refers to dadd.o(.text) for __aeabi_dadd
    atan.o(i.atan) refers to dscalb.o(.text) for __ARM_scalbn
    atan.o(i.atan) refers to ddiv.o(.text) for __aeabi_ddiv
    atan.o(i.atan) refers to dmul.o(.text) for __aeabi_dmul
    atan.o(i.atan) refers to poly.o(i.__kernel_poly) for __kernel_poly
    atan.o(i.atan) refers to atan.o(.constdata) for .constdata
    atan.o(.constdata) refers (Special) to iusefp.o(.text) for __I$use$fp
    atan_x.o(i.____softfp_atan$lsc) refers (Special) to iusefp.o(.text) for __I$use$fp
    atan_x.o(i.____softfp_atan$lsc) refers to atan_x.o(i.__atan$lsc) for __atan$lsc
    atan_x.o(i.__atan$lsc) refers (Special) to iusefp.o(.text) for __I$use$fp
    atan_x.o(i.__atan$lsc) refers to dunder.o(i.__mathlib_dbl_infnan) for __mathlib_dbl_infnan
    atan_x.o(i.__atan$lsc) refers to dadd.o(.text) for __aeabi_dadd
    atan_x.o(i.__atan$lsc) refers to dscalb.o(.text) for __ARM_scalbn
    atan_x.o(i.__atan$lsc) refers to ddiv.o(.text) for __aeabi_ddiv
    atan_x.o(i.__atan$lsc) refers to dmul.o(.text) for __aeabi_dmul
    atan_x.o(i.__atan$lsc) refers to poly.o(i.__kernel_poly) for __kernel_poly
    atan_x.o(i.__atan$lsc) refers to atan_x.o(.constdata) for .constdata
    atan_x.o(.constdata) refers (Special) to iusefp.o(.text) for __I$use$fp
    cos_i.o(i.__kernel_cos) refers (Special) to iusefp.o(.text) for __I$use$fp
    cos_i.o(i.__kernel_cos) refers to dfixi.o(.text) for __aeabi_d2iz
    cos_i.o(i.__kernel_cos) refers to dmul.o(.text) for __aeabi_dmul
    cos_i.o(i.__kernel_cos) refers to poly.o(i.__kernel_poly) for __kernel_poly
    cos_i.o(i.__kernel_cos) refers to dadd.o(.text) for __aeabi_dsub
    cos_i.o(i.__kernel_cos) refers to dscalb.o(.text) for __ARM_scalbn
    cos_i.o(i.__kernel_cos) refers to cos_i.o(.constdata) for .constdata
    cos_i.o(.constdata) refers (Special) to iusefp.o(.text) for __I$use$fp
    dunder.o(i.__mathlib_dbl_divzero) refers to ddiv.o(.text) for __aeabi_ddiv
    dunder.o(i.__mathlib_dbl_infnan) refers to dscalb.o(.text) for __ARM_scalbn
    dunder.o(i.__mathlib_dbl_infnan2) refers to dadd.o(.text) for __aeabi_dadd
    dunder.o(i.__mathlib_dbl_invalid) refers to ddiv.o(.text) for __aeabi_ddiv
    dunder.o(i.__mathlib_dbl_overflow) refers to dscalb.o(.text) for __ARM_scalbn
    dunder.o(i.__mathlib_dbl_posinfnan) refers to dmul.o(.text) for __aeabi_dmul
    dunder.o(i.__mathlib_dbl_underflow) refers to dscalb.o(.text) for __ARM_scalbn
    qnan.o(.constdata) refers (Special) to iusefp.o(.text) for __I$use$fp
    rred.o(i.__ieee754_rem_pio2) refers (Special) to iusefp.o(.text) for __I$use$fp
    rred.o(i.__ieee754_rem_pio2) refers to dadd.o(.text) for __aeabi_dsub
    rred.o(i.__ieee754_rem_pio2) refers to dmul.o(.text) for __aeabi_dmul
    rred.o(i.__ieee754_rem_pio2) refers to dfixi.o(.text) for __aeabi_d2iz
    rred.o(i.__ieee754_rem_pio2) refers to dflti.o(.text) for __aeabi_i2d
    rred.o(i.__ieee754_rem_pio2) refers to rred.o(i.__ARM_common_ll_muluu) for __ARM_common_ll_muluu
    rred.o(i.__ieee754_rem_pio2) refers to dfltui.o(.text) for __aeabi_ui2d
    rred.o(i.__ieee754_rem_pio2) refers to dscalb.o(.text) for __ARM_scalbn
    rred.o(i.__ieee754_rem_pio2) refers to rred.o(.constdata) for .constdata
    rred.o(i.__use_accurate_range_reduction) refers (Special) to iusefp.o(.text) for __I$use$fp
    rred.o(.constdata) refers (Special) to iusefp.o(.text) for __I$use$fp
    sin_i.o(i.__kernel_sin) refers (Special) to iusefp.o(.text) for __I$use$fp
    sin_i.o(i.__kernel_sin) refers to fpclassify.o(i.__ARM_fpclassify) for __ARM_fpclassify
    sin_i.o(i.__kernel_sin) refers to dunder.o(i.__mathlib_dbl_underflow) for __mathlib_dbl_underflow
    sin_i.o(i.__kernel_sin) refers to dmul.o(.text) for __aeabi_dmul
    sin_i.o(i.__kernel_sin) refers to poly.o(i.__kernel_poly) for __kernel_poly
    sin_i.o(i.__kernel_sin) refers to dscalb.o(.text) for __ARM_scalbn
    sin_i.o(i.__kernel_sin) refers to dadd.o(.text) for __aeabi_dsub
    sin_i.o(i.__kernel_sin) refers to sin_i.o(.constdata) for .constdata
    sin_i.o(.constdata) refers (Special) to iusefp.o(.text) for __I$use$fp
    sin_i_x.o(i.____kernel_sin$lsc) refers (Special) to iusefp.o(.text) for __I$use$fp
    sin_i_x.o(i.____kernel_sin$lsc) refers to dmul.o(.text) for __aeabi_dmul
    sin_i_x.o(i.____kernel_sin$lsc) refers to poly.o(i.__kernel_poly) for __kernel_poly
    sin_i_x.o(i.____kernel_sin$lsc) refers to dscalb.o(.text) for __ARM_scalbn
    sin_i_x.o(i.____kernel_sin$lsc) refers to dadd.o(.text) for __aeabi_dsub
    sin_i_x.o(i.____kernel_sin$lsc) refers to sin_i_x.o(.constdata) for .constdata
    sin_i_x.o(.constdata) refers (Special) to iusefp.o(.text) for __I$use$fp
    entry2.o(.ARM.Collect$$$$00000001) refers to entry2.o(.ARM.Collect$$$$00002712) for __lit__00000000
    entry2.o(.ARM.Collect$$$$00002712) refers to startup_mkl25z4.o(STACK) for __initial_sp
    entry2.o(__vectab_stack_and_reset_area) refers to startup_mkl25z4.o(STACK) for __initial_sp
    entry2.o(__vectab_stack_and_reset_area) refers to entry.o(.ARM.Collect$$$$00000000) for __main
    entry5.o(.ARM.Collect$$$$00000004) refers to init.o(.text) for __scatterload
    entry9a.o(.ARM.Collect$$$$0000000B) refers to main.o(.text) for main
    entry9b.o(.ARM.Collect$$$$0000000C) refers to main.o(.text) for main
    errno.o(i.__aeabi_errno_addr) refers to errno.o(.data) for .data
    errno.o(i.__read_errno) refers to errno.o(.data) for .data
    errno.o(i.__set_errno) refers to errno.o(.data) for .data
    depilogue.o(.text) refers to depilogue.o(i.__ARM_clz) for __ARM_clz
    depilogue.o(.text) refers to llshl.o(.text) for __aeabi_llsl
    depilogue.o(.text) refers to llushr.o(.text) for __aeabi_llsr
    dsqrt.o(.text) refers to llushr.o(.text) for __aeabi_llsr
    dsqrt.o(.text) refers to depilogue.o(.text) for _double_round
    fpclassify.o(i.__ARM_fpclassify) refers (Special) to iusefp.o(.text) for __I$use$fp
    poly.o(i.__kernel_poly) refers (Special) to iusefp.o(.text) for __I$use$fp
    poly.o(i.__kernel_poly) refers to dmul.o(.text) for __aeabi_dmul
    poly.o(i.__kernel_poly) refers to dadd.o(.text) for __aeabi_dadd
    init.o(.text) refers to entry5.o(.ARM.Collect$$$$00000004) for __main_after_scatterload
    dfixi.o(.text) refers to llushr.o(.text) for __aeabi_llsr
    rred.o(i.__ARM_common_ll_muluu) refers (Special) to iusefp.o(.text) for __I$use$fp


==============================================================================

Removing Unused input sections from the image.

    Removing system_mkl25z4.o(.rev16_text), (4 bytes).
    Removing system_mkl25z4.o(.revsh_text), (4 bytes).
    Removing startup_mkl25z4.o(HEAP), (0 bytes).
    Removing lcd_4bit.o(.rev16_text), (4 bytes).
    Removing lcd_4bit.o(.revsh_text), (4 bytes).
    Removing lcd_4bit.o(.text), (420 bytes).
    Removing main.o(.rev16_text), (4 bytes).
    Removing main.o(.revsh_text), (4 bytes).
    Removing leds.o(.rev16_text), (4 bytes).
    Removing leds.o(.revsh_text), (4 bytes).
    Removing timers.o(.rev16_text), (4 bytes).
    Removing timers.o(.revsh_text), (4 bytes).
    Removing timers.o(.data), (4 bytes).
    Removing timers.o(.data), (4 bytes).
    Removing i2c.o(.rev16_text), (4 bytes).
    Removing i2c.o(.revsh_text), (4 bytes).
    Removing mma8451.o(.rev16_text), (4 bytes).
    Removing mma8451.o(.revsh_text), (4 bytes).
    Removing delay.o(.rev16_text), (4 bytes).
    Removing delay.o(.revsh_text), (4 bytes).
    Removing sine_table.o(.rev16_text), (4 bytes).
    Removing sine_table.o(.revsh_text), (4 bytes).
    Removing sine_table.o(.text), (88 bytes).
    Removing sine_table.o(.bss), (128 bytes).
    Removing profile.o(.rev16_text), (4 bytes).
    Removing profile.o(.revsh_text), (4 bytes).
    Removing dfltui.o(.text), (28 bytes).
    Removing dfixui.o(.text), (60 bytes).
    Removing cdcmple.o(.text), (40 bytes).
    Removing dfixi.o(.text), (72 bytes).

30 unused section(s) (total 924 bytes) removed from the image.

==============================================================================

Image Symbol Table

    Local Symbols

    Symbol Name                              Value     Ov Type        Size  Object(Section)

    RESET                                    0x00000000   Section      192  startup_mkl25z4.o(RESET)
    ../clib/microlib/division.c              0x00000000   Number         0  uidiv.o ABSOLUTE
    ../clib/microlib/errno.c                 0x00000000   Number         0  errno.o ABSOLUTE
    ../clib/microlib/init/entry.s            0x00000000   Number         0  entry5.o ABSOLUTE
    ../clib/microlib/init/entry.s            0x00000000   Number         0  entry2.o ABSOLUTE
    ../clib/microlib/init/entry.s            0x00000000   Number         0  entry.o ABSOLUTE
    ../clib/microlib/init/entry.s            0x00000000   Number         0  entry11b.o ABSOLUTE
    ../clib/microlib/init/entry.s            0x00000000   Number         0  entry11a.o ABSOLUTE
    ../clib/microlib/init/entry.s            0x00000000   Number         0  entry10b.o ABSOLUTE
    ../clib/microlib/init/entry.s            0x00000000   Number         0  entry10a.o ABSOLUTE
    ../clib/microlib/init/entry.s            0x00000000   Number         0  entry9b.o ABSOLUTE
    ../clib/microlib/init/entry.s            0x00000000   Number         0  entry9a.o ABSOLUTE
    ../clib/microlib/init/entry.s            0x00000000   Number         0  entry8b.o ABSOLUTE
    ../clib/microlib/init/entry.s            0x00000000   Number         0  entry8a.o ABSOLUTE
    ../clib/microlib/init/entry.s            0x00000000   Number         0  entry7b.o ABSOLUTE
    ../clib/microlib/init/entry.s            0x00000000   Number         0  entry7a.o ABSOLUTE
    ../clib/microlib/longlong.c              0x00000000   Number         0  llsshr.o ABSOLUTE
    ../clib/microlib/longlong.c              0x00000000   Number         0  llushr.o ABSOLUTE
    ../clib/microlib/longlong.c              0x00000000   Number         0  llshl.o ABSOLUTE
    ../clib/microlib/stubs.s                 0x00000000   Number         0  iusefp.o ABSOLUTE
    ../fplib/microlib/d2f.c                  0x00000000   Number         0  d2f.o ABSOLUTE
    ../fplib/microlib/f2d.c                  0x00000000   Number         0  f2d.o ABSOLUTE
    ../fplib/microlib/fpadd.c                0x00000000   Number         0  fadd.o ABSOLUTE
    ../fplib/microlib/fpadd.c                0x00000000   Number         0  dadd.o ABSOLUTE
    ../fplib/microlib/fpdiv.c                0x00000000   Number         0  ddiv.o ABSOLUTE
    ../fplib/microlib/fpepilogue.c           0x00000000   Number         0  depilogue.o ABSOLUTE
    ../fplib/microlib/fpepilogue.c           0x00000000   Number         0  fepilogue.o ABSOLUTE
    ../fplib/microlib/fpfix.c                0x00000000   Number         0  dfixui.o ABSOLUTE
    ../fplib/microlib/fpfix.c                0x00000000   Number         0  dfixi.o ABSOLUTE
    ../fplib/microlib/fpflt.c                0x00000000   Number         0  dfltui.o ABSOLUTE
    ../fplib/microlib/fpflt.c                0x00000000   Number         0  dflti.o ABSOLUTE
    ../fplib/microlib/fpmul.c                0x00000000   Number         0  fmul.o ABSOLUTE
    ../fplib/microlib/fpmul.c                0x00000000   Number         0  dmul.o ABSOLUTE
    ../fplib/microlib/fpscalb.c              0x00000000   Number         0  dscalb.o ABSOLUTE
    ../fplib/microlib/fpsqrt.c               0x00000000   Number         0  dsqrt.o ABSOLUTE
    ../mathlib/atan.c                        0x00000000   Number         0  atan.o ABSOLUTE
    ../mathlib/atan.c                        0x00000000   Number         0  atan_x.o ABSOLUTE
    ../mathlib/atan2.c                       0x00000000   Number         0  atan2_x.o ABSOLUTE
    ../mathlib/atan2.c                       0x00000000   Number         0  atan2.o ABSOLUTE
    ../mathlib/cos_i.c                       0x00000000   Number         0  cos_i.o ABSOLUTE
    ../mathlib/dunder.c                      0x00000000   Number         0  dunder.o ABSOLUTE
    ../mathlib/fpclassify.c                  0x00000000   Number         0  fpclassify.o ABSOLUTE
    ../mathlib/poly.c                        0x00000000   Number         0  poly.o ABSOLUTE
    ../mathlib/qnan.c                        0x00000000   Number         0  qnan.o ABSOLUTE
    ../mathlib/rred.c                        0x00000000   Number         0  rred.o ABSOLUTE
    ../mathlib/sin.c                         0x00000000   Number         0  sin_x.o ABSOLUTE
    ../mathlib/sin.c                         0x00000000   Number         0  sin.o ABSOLUTE
    ../mathlib/sin_i.c                       0x00000000   Number         0  sin_i_x.o ABSOLUTE
    ../mathlib/sin_i.c                       0x00000000   Number         0  sin_i.o ABSOLUTE
    ../mathlib/sqrt.c                        0x00000000   Number         0  sqrt_x.o ABSOLUTE
    ../mathlib/sqrt.c                        0x00000000   Number         0  sqrt.o ABSOLUTE
    asm\startup_MKL25Z4.s                    0x00000000   Number         0  startup_mkl25z4.o ABSOLUTE
    cdcmple.s                                0x00000000   Number         0  cdcmple.o ABSOLUTE
    dc.s                                     0x00000000   Number         0  dc.o ABSOLUTE
    handlers.s                               0x00000000   Number         0  handlers.o ABSOLUTE
    init.s                                   0x00000000   Number         0  init.o ABSOLUTE
    src\LCD_4bit.c                           0x00000000   Number         0  lcd_4bit.o ABSOLUTE
    src\LEDs.c                               0x00000000   Number         0  leds.o ABSOLUTE
    src\\LCD_4bit.c                          0x00000000   Number         0  lcd_4bit.o ABSOLUTE
    src\\LEDs.c                              0x00000000   Number         0  leds.o ABSOLUTE
    src\\delay.c                             0x00000000   Number         0  delay.o ABSOLUTE
    src\\i2c.c                               0x00000000   Number         0  i2c.o ABSOLUTE
    src\\main.c                              0x00000000   Number         0  main.o ABSOLUTE
    src\\mma8451.c                           0x00000000   Number         0  mma8451.o ABSOLUTE
    src\\profile.c                           0x00000000   Number         0  profile.o ABSOLUTE
    src\\sine_table.c                        0x00000000   Number         0  sine_table.o ABSOLUTE
    src\\system_MKL25Z4.c                    0x00000000   Number         0  system_mkl25z4.o ABSOLUTE
    src\\timers.c                            0x00000000   Number         0  timers.o ABSOLUTE
    src\delay.c                              0x00000000   Number         0  delay.o ABSOLUTE
    src\i2c.c                                0x00000000   Number         0  i2c.o ABSOLUTE
    src\main.c                               0x00000000   Number         0  main.o ABSOLUTE
    src\mma8451.c                            0x00000000   Number         0  mma8451.o ABSOLUTE
    src\profile.c                            0x00000000   Number         0  profile.o ABSOLUTE
    src\region.c                             0x00000000   Number         0  region.o ABSOLUTE
    src\sine_table.c                         0x00000000   Number         0  sine_table.o ABSOLUTE
    src\system_MKL25Z4.c                     0x00000000   Number         0  system_mkl25z4.o ABSOLUTE
    src\timers.c                             0x00000000   Number         0  timers.o ABSOLUTE
    .ARM.Collect$$$$00000000                 0x000000c0   Section        0  entry.o(.ARM.Collect$$$$00000000)
    .ARM.Collect$$$$00000001                 0x000000c0   Section        4  entry2.o(.ARM.Collect$$$$00000001)
    .ARM.Collect$$$$00000004                 0x000000c4   Section        4  entry5.o(.ARM.Collect$$$$00000004)
    .ARM.Collect$$$$00000008                 0x000000c8   Section        0  entry7b.o(.ARM.Collect$$$$00000008)
    .ARM.Collect$$$$0000000A                 0x000000c8   Section        0  entry8b.o(.ARM.Collect$$$$0000000A)
    .ARM.Collect$$$$0000000B                 0x000000c8   Section        8  entry9a.o(.ARM.Collect$$$$0000000B)
    .ARM.Collect$$$$0000000D                 0x000000d0   Section        0  entry10a.o(.ARM.Collect$$$$0000000D)
    .ARM.Collect$$$$0000000F                 0x000000d0   Section        0  entry11a.o(.ARM.Collect$$$$0000000F)
    .ARM.Collect$$$$00002712                 0x000000d0   Section        4  entry2.o(.ARM.Collect$$$$00002712)
    __lit__00000000                          0x000000d0   Data           4  entry2.o(.ARM.Collect$$$$00002712)
    .text                                    0x000000d4   Section        0  system_mkl25z4.o(.text)
    .text                                    0x0000025c   Section       28  startup_mkl25z4.o(.text)
    .text                                    0x00000278   Section        0  main.o(.text)
    .text                                    0x000002e4   Section        0  leds.o(.text)
    .text                                    0x0000037c   Section        0  delay.o(.text)
    .text                                    0x00000394   Section        0  profile.o(.text)
    .text                                    0x000003e4   Section        0  iusefp.o(.text)
    i.__ARM_common_switch8                   0x000003e4   Section        0  system_mkl25z4.o(i.__ARM_common_switch8)
    i.__scatterload_null                     0x000003fe   Section        2  handlers.o(i.__scatterload_null)
    .ARM.__at_0x400                          0x00000400   Section       16  startup_mkl25z4.o(.ARM.__at_0x400)
    .text                                    0x00000410   Section        0  timers.o(.text)
    .text                                    0x000005c0   Section        0  i2c.o(.text)
    .text                                    0x00000750   Section        0  mma8451.o(.text)
    .text                                    0x000008ec   Section        0  uidiv.o(.text)
    .text                                    0x00000918   Section        0  fadd.o(.text)
    .text                                    0x000009ca   Section        0  fmul.o(.text)
    .text                                    0x00000a44   Section        0  dadd.o(.text)
    .text                                    0x00000ba8   Section        0  dmul.o(.text)
    .text                                    0x00000c78   Section        0  ddiv.o(.text)
    .text                                    0x00000d68   Section        0  dscalb.o(.text)
    .text                                    0x00000d94   Section        0  dflti.o(.text)
    .text                                    0x00000dbc   Section        0  f2d.o(.text)
    .text                                    0x00000de4   Section        0  d2f.o(.text)
    .text                                    0x00000e1c   Section        0  llshl.o(.text)
    .text                                    0x00000e3c   Section        0  llushr.o(.text)
    .text                                    0x00000e5e   Section        0  llsshr.o(.text)
    .text                                    0x00000e84   Section        0  fepilogue.o(.text)
    .text                                    0x00000f06   Section        0  depilogue.o(.text)
    .text                                    0x00000fc4   Section        0  dsqrt.o(.text)
    .text                                    0x00001068   Section       36  init.o(.text)
    i.__ARM_clz                              0x0000108c   Section        0  depilogue.o(i.__ARM_clz)
    i.__ARM_fpclassify                       0x000010bc   Section        0  fpclassify.o(i.__ARM_fpclassify)
    i.__kernel_poly                          0x000010e8   Section        0  poly.o(i.__kernel_poly)
    i.__mathlib_dbl_infnan                   0x00001194   Section        0  dunder.o(i.__mathlib_dbl_infnan)
    i.__mathlib_dbl_infnan2                  0x0000119e   Section        0  dunder.o(i.__mathlib_dbl_infnan2)
    i.__mathlib_dbl_underflow                0x000011a8   Section        0  dunder.o(i.__mathlib_dbl_underflow)
    i.__scatterload_copy                     0x000011bc   Section       14  handlers.o(i.__scatterload_copy)
    i.__scatterload_zeroinit                 0x000011ca   Section       14  handlers.o(i.__scatterload_zeroinit)
    i.__set_errno                            0x000011d8   Section        0  errno.o(i.__set_errno)
    i.atan                                   0x000011e4   Section        0  atan.o(i.atan)
    i.atan2                                  0x00001400   Section        0  atan2.o(i.atan2)
    i.sqrt                                   0x00001578   Section        0  sqrt.o(i.sqrt)
    .constdata                               0x000015c0   Section     2176  region.o(.constdata)
    .constdata                               0x00001e40   Section        4  region.o(.constdata)
    .constdata                               0x00001e48   Section      152  atan.o(.constdata)
    atanhi                                   0x00001e48   Data          32  atan.o(.constdata)
    atanlo                                   0x00001e68   Data          32  atan.o(.constdata)
    aTodd                                    0x00001e88   Data          40  atan.o(.constdata)
    aTeven                                   0x00001eb0   Data          48  atan.o(.constdata)
    .constdata                               0x00001ee0   Section        8  qnan.o(.constdata)
    .data                                    0x1ffff000   Section        4  system_mkl25z4.o(.data)
    .data                                    0x1ffff004   Section        4  timers.o(.data)
    .data                                    0x1ffff008   Section       16  mma8451.o(.data)
    .data                                    0x1ffff018   Section        4  profile.o(.data)
    .data                                    0x1ffff01c   Section        4  profile.o(.data)
    .data                                    0x1ffff020   Section        4  profile.o(.data)
    .data                                    0x1ffff024   Section        1  profile.o(.data)
    .data                                    0x1ffff028   Section        4  errno.o(.data)
    _errno                                   0x1ffff028   Data           4  errno.o(.data)
    .bss                                     0x1ffff02c   Section      272  region.o(.bss)
    STACK                                    0x1ffff140   Section     1024  startup_mkl25z4.o(STACK)

    Global Symbols

    Symbol Name                              Value     Ov Type        Size  Object(Section)

    BuildAttributes$$THM_ISAv3M$S$PE$A:L22$X:L11$S22$IEEE1$IW$USESV6$~STKCKD$USESV7$~SHL$OTIME$ROPI$IEEEX$EBA8$MICROLIB$REQ8$PRES8$EABIv2 0x00000000   Number         0  anon$$obj.o ABSOLUTE
    __ARM_use_no_argv                        0x00000000   Number         0  main.o ABSOLUTE
    __Vectors                                0x00000000   Data           4  startup_mkl25z4.o(RESET)
    __cpp_initialize__aeabi_                  - Undefined Weak Reference
    __cxa_finalize                            - Undefined Weak Reference
    __decompress                              - Undefined Weak Reference
    _clock_init                               - Undefined Weak Reference
    _microlib_exit                            - Undefined Weak Reference
    __Vectors_End                            0x000000c0   Data           0  startup_mkl25z4.o(RESET)
    __Vectors_Size                           0x000000c0   Number         0  startup_mkl25z4.o ABSOLUTE
    __main                                   0x000000c1   Thumb Code     0  entry.o(.ARM.Collect$$$$00000000)
    _main_stk                                0x000000c1   Thumb Code     0  entry2.o(.ARM.Collect$$$$00000001)
    _main_scatterload                        0x000000c5   Thumb Code     0  entry5.o(.ARM.Collect$$$$00000004)
    __main_after_scatterload                 0x000000c9   Thumb Code     0  entry5.o(.ARM.Collect$$$$00000004)
    _main_clock                              0x000000c9   Thumb Code     0  entry7b.o(.ARM.Collect$$$$00000008)
    _main_cpp_init                           0x000000c9   Thumb Code     0  entry8b.o(.ARM.Collect$$$$0000000A)
    _main_init                               0x000000c9   Thumb Code     0  entry9a.o(.ARM.Collect$$$$0000000B)
    __rt_final_cpp                           0x000000d1   Thumb Code     0  entry10a.o(.ARM.Collect$$$$0000000D)
    __rt_final_exit                          0x000000d1   Thumb Code     0  entry11a.o(.ARM.Collect$$$$0000000F)
    SystemInit                               0x000000d5   Thumb Code   122  system_mkl25z4.o(.text)
    SystemCoreClockUpdate                    0x0000014f   Thumb Code   220  system_mkl25z4.o(.text)
    Reset_Handler                            0x0000025d   Thumb Code     8  startup_mkl25z4.o(.text)
    NMI_Handler                              0x00000265   Thumb Code     2  startup_mkl25z4.o(.text)
    HardFault_Handler                        0x00000267   Thumb Code     2  startup_mkl25z4.o(.text)
    SVC_Handler                              0x00000269   Thumb Code     2  startup_mkl25z4.o(.text)
    PendSV_Handler                           0x0000026b   Thumb Code     2  startup_mkl25z4.o(.text)
    SysTick_Handler                          0x0000026d   Thumb Code     2  startup_mkl25z4.o(.text)
    ADC0_IRQHandler                          0x0000026f   Thumb Code     0  startup_mkl25z4.o(.text)
    CMP0_IRQHandler                          0x0000026f   Thumb Code     0  startup_mkl25z4.o(.text)
    DAC0_IRQHandler                          0x0000026f   Thumb Code     0  startup_mkl25z4.o(.text)
    DMA0_IRQHandler                          0x0000026f   Thumb Code     0  startup_mkl25z4.o(.text)
    DMA1_IRQHandler                          0x0000026f   Thumb Code     0  startup_mkl25z4.o(.text)
    DMA2_IRQHandler                          0x0000026f   Thumb Code     0  startup_mkl25z4.o(.text)
    DMA3_IRQHandler                          0x0000026f   Thumb Code     0  startup_mkl25z4.o(.text)
    DefaultISR                               0x0000026f   Thumb Code     0  startup_mkl25z4.o(.text)
    FTFA_IRQHandler                          0x0000026f   Thumb Code     0  startup_mkl25z4.o(.text)
    I2C0_IRQHandler                          0x0000026f   Thumb Code     0  startup_mkl25z4.o(.text)
    I2C1_IRQHandler                          0x0000026f   Thumb Code     0  startup_mkl25z4.o(.text)
    LLW_IRQHandler                           0x0000026f   Thumb Code     0  startup_mkl25z4.o(.text)
    LPTimer_IRQHandler                       0x0000026f   Thumb Code     0  startup_mkl25z4.o(.text)
    LVD_LVW_IRQHandler                       0x0000026f   Thumb Code     0  startup_mkl25z4.o(.text)
    MCG_IRQHandler                           0x0000026f   Thumb Code     0  startup_mkl25z4.o(.text)
    PORTA_IRQHandler                         0x0000026f   Thumb Code     0  startup_mkl25z4.o(.text)
    PORTD_IRQHandler                         0x0000026f   Thumb Code     0  startup_mkl25z4.o(.text)
    RTC_IRQHandler                           0x0000026f   Thumb Code     0  startup_mkl25z4.o(.text)
    RTC_Seconds_IRQHandler                   0x0000026f   Thumb Code     0  startup_mkl25z4.o(.text)
    Reserved20_IRQHandler                    0x0000026f   Thumb Code     0  startup_mkl25z4.o(.text)
    Reserved39_IRQHandler                    0x0000026f   Thumb Code     0  startup_mkl25z4.o(.text)
    Reserved45_IRQHandler                    0x0000026f   Thumb Code     0  startup_mkl25z4.o(.text)
    SPI0_IRQHandler                          0x0000026f   Thumb Code     0  startup_mkl25z4.o(.text)
    SPI1_IRQHandler                          0x0000026f   Thumb Code     0  startup_mkl25z4.o(.text)
    TPM0_IRQHandler                          0x0000026f   Thumb Code     0  startup_mkl25z4.o(.text)
    TPM1_IRQHandler                          0x0000026f   Thumb Code     0  startup_mkl25z4.o(.text)
    TPM2_IRQHandler                          0x0000026f   Thumb Code     0  startup_mkl25z4.o(.text)
    TSI0_IRQHandler                          0x0000026f   Thumb Code     0  startup_mkl25z4.o(.text)
    UART0_IRQHandler                         0x0000026f   Thumb Code     0  startup_mkl25z4.o(.text)
    UART1_IRQHandler                         0x0000026f   Thumb Code     0  startup_mkl25z4.o(.text)
    UART2_IRQHandler                         0x0000026f   Thumb Code     0  startup_mkl25z4.o(.text)
    USB0_IRQHandler                          0x0000026f   Thumb Code     0  startup_mkl25z4.o(.text)
    main                                     0x00000279   Thumb Code   102  main.o(.text)
    Init_RGB_LEDs                            0x000002e5   Thumb Code    84  leds.o(.text)
    Control_RGB_LEDs                         0x00000339   Thumb Code    50  leds.o(.text)
    Delay                                    0x0000037d   Thumb Code    18  delay.o(.text)
    Init_Profiling                           0x00000395   Thumb Code    48  profile.o(.text)
    Disable_Profiling                        0x000003c5   Thumb Code     8  profile.o(.text)
    Enable_Profiling                         0x000003cd   Thumb Code     8  profile.o(.text)
    __ARM_common_switch8                     0x000003e5   Thumb Code    26  system_mkl25z4.o(i.__ARM_common_switch8)
    __I$use$fp                               0x000003e5   Thumb Code     0  iusefp.o(.text)
    __scatterload_null                       0x000003ff   Thumb Code     2  handlers.o(i.__scatterload_null)
    PIT_IRQHandler                           0x00000411   Thumb Code   138  timers.o(.text)
    Init_PIT                                 0x0000049b   Thumb Code    76  timers.o(.text)
    Start_PIT                                0x000004e7   Thumb Code    12  timers.o(.text)
    Stop_PIT                                 0x000004f3   Thumb Code    12  timers.o(.text)
    Init_PWM                                 0x000004ff   Thumb Code    82  timers.o(.text)
    Set_PWM_Values                           0x00000551   Thumb Code    26  timers.o(.text)
    i2c_init                                 0x000005c1   Thumb Code    52  i2c.o(.text)
    i2c_start                                0x000005f5   Thumb Code    20  i2c.o(.text)
    i2c_read_setup                           0x00000609   Thumb Code    70  i2c.o(.text)
    i2c_repeated_read                        0x0000064f   Thumb Code    52  i2c.o(.text)
    i2c_read_byte                            0x00000683   Thumb Code   118  i2c.o(.text)
    i2c_write_byte                           0x000006f9   Thumb Code    74  i2c.o(.text)
    init_mma                                 0x00000751   Thumb Code    54  mma8451.o(.text)
    read_full_xyz                            0x00000787   Thumb Code   100  mma8451.o(.text)
    read_xyz                                 0x000007eb   Thumb Code    54  mma8451.o(.text)
    convert_xyz_to_roll_pitch                0x00000821   Thumb Code   188  mma8451.o(.text)
    __aeabi_uidiv                            0x000008ed   Thumb Code     0  uidiv.o(.text)
    __aeabi_uidivmod                         0x000008ed   Thumb Code    44  uidiv.o(.text)
    __aeabi_fadd                             0x00000919   Thumb Code   162  fadd.o(.text)
    __aeabi_fsub                             0x000009bb   Thumb Code     8  fadd.o(.text)
    __aeabi_frsub                            0x000009c3   Thumb Code     8  fadd.o(.text)
    __aeabi_fmul                             0x000009cb   Thumb Code   122  fmul.o(.text)
    __aeabi_dadd                             0x00000a45   Thumb Code   328  dadd.o(.text)
    __aeabi_dsub                             0x00000b8d   Thumb Code    12  dadd.o(.text)
    __aeabi_drsub                            0x00000b99   Thumb Code    12  dadd.o(.text)
    __aeabi_dmul                             0x00000ba9   Thumb Code   202  dmul.o(.text)
    __aeabi_ddiv                             0x00000c79   Thumb Code   234  ddiv.o(.text)
    __ARM_scalbn                             0x00000d69   Thumb Code    44  dscalb.o(.text)
    scalbn                                   0x00000d69   Thumb Code     0  dscalb.o(.text)
    __aeabi_i2d                              0x00000d95   Thumb Code    34  dflti.o(.text)
    __aeabi_f2d                              0x00000dbd   Thumb Code    40  f2d.o(.text)
    __aeabi_d2f                              0x00000de5   Thumb Code    56  d2f.o(.text)
    __aeabi_llsl                             0x00000e1d   Thumb Code    32  llshl.o(.text)
    _ll_shift_l                              0x00000e1d   Thumb Code     0  llshl.o(.text)
    __aeabi_llsr                             0x00000e3d   Thumb Code    34  llushr.o(.text)
    _ll_ushift_r                             0x00000e3d   Thumb Code     0  llushr.o(.text)
    __aeabi_lasr                             0x00000e5f   Thumb Code    38  llsshr.o(.text)
    _ll_sshift_r                             0x00000e5f   Thumb Code     0  llsshr.o(.text)
    _float_round                             0x00000e85   Thumb Code    16  fepilogue.o(.text)
    _float_epilogue                          0x00000e95   Thumb Code   114  fepilogue.o(.text)
    _double_round                            0x00000f07   Thumb Code    26  depilogue.o(.text)
    _double_epilogue                         0x00000f21   Thumb Code   164  depilogue.o(.text)
    _dsqrt                                   0x00000fc5   Thumb Code   162  dsqrt.o(.text)
    __scatterload                            0x00001069   Thumb Code    28  init.o(.text)
    __scatterload_rt2                        0x00001069   Thumb Code     0  init.o(.text)
    __ARM_clz                                0x0000108d   Thumb Code    46  depilogue.o(i.__ARM_clz)
    __ARM_fpclassify                         0x000010bd   Thumb Code    40  fpclassify.o(i.__ARM_fpclassify)
    __kernel_poly                            0x000010e9   Thumb Code   172  poly.o(i.__kernel_poly)
    __mathlib_dbl_infnan                     0x00001195   Thumb Code    10  dunder.o(i.__mathlib_dbl_infnan)
    __mathlib_dbl_infnan2                    0x0000119f   Thumb Code     8  dunder.o(i.__mathlib_dbl_infnan2)
    __mathlib_dbl_underflow                  0x000011a9   Thumb Code    14  dunder.o(i.__mathlib_dbl_underflow)
    __scatterload_copy                       0x000011bd   Thumb Code    14  handlers.o(i.__scatterload_copy)
    __scatterload_zeroinit                   0x000011cb   Thumb Code    14  handlers.o(i.__scatterload_zeroinit)
    __set_errno                              0x000011d9   Thumb Code     6  errno.o(i.__set_errno)
    atan                                     0x000011e5   Thumb Code   472  atan.o(i.atan)
    atan2                                    0x00001401   Thumb Code   334  atan2.o(i.atan2)
    sqrt                                     0x00001579   Thumb Code    66  sqrt.o(i.sqrt)
    RegionTable                              0x000015c0   Data        2176  region.o(.constdata)
    NumProfileRegions                        0x00001e40   Data           4  region.o(.constdata)
    __mathlib_zero                           0x00001ee0   Data           8  qnan.o(.constdata)
    Region$$Table$$Base                      0x00001ee8   Number         0  anon$$obj.o(Region$$Table)
    Region$$Table$$Limit                     0x00001f08   Number         0  anon$$obj.o(Region$$Table)
    SystemCoreClock                          0x1ffff000   Data           4  system_mkl25z4.o(.data)
    PC_val                                   0x1ffff004   Data           4  timers.o(.data)
    acc_X                                    0x1ffff008   Data           2  mma8451.o(.data)
    acc_Y                                    0x1ffff00a   Data           2  mma8451.o(.data)
    acc_Z                                    0x1ffff00c   Data           2  mma8451.o(.data)
    roll                                     0x1ffff010   Data           4  mma8451.o(.data)
    pitch                                    0x1ffff014   Data           4  mma8451.o(.data)
    adx_lost                                 0x1ffff018   Data           4  profile.o(.data)
    num_lost                                 0x1ffff01c   Data           4  profile.o(.data)
    profile_ticks                            0x1ffff020   Data           4  profile.o(.data)
    profiling_enabled                        0x1ffff024   Data           1  profile.o(.data)
    RegionCount                              0x1ffff02c   Data         272  region.o(.bss)
    __initial_sp                             0x1ffff540   Data           0  startup_mkl25z4.o(STACK)



==============================================================================

Memory Map of the image

  Image Entry point : 0x000000c1

  Load Region LR_IROM1 (Base: 0x00000000, Size: 0x00001f34, Max: 0x00020000, ABSOLUTE)

    Execution Region ER_IROM1 (Base: 0x00000000, Size: 0x00001f08, Max: 0x00020000, ABSOLUTE)

    Base Addr    Size         Type   Attr      Idx    E Section Name        Object

    0x00000000   0x000000c0   Data   RO           49    RESET               startup_mkl25z4.o
    0x000000c0   0x00000000   Code   RO          351  * .ARM.Collect$$$$00000000  mc_p.l(entry.o)
    0x000000c0   0x00000004   Code   RO          419    .ARM.Collect$$$$00000001  mc_p.l(entry2.o)
    0x000000c4   0x00000004   Code   RO          422    .ARM.Collect$$$$00000004  mc_p.l(entry5.o)
    0x000000c8   0x00000000   Code   RO          424    .ARM.Collect$$$$00000008  mc_p.l(entry7b.o)
    0x000000c8   0x00000000   Code   RO          426    .ARM.Collect$$$$0000000A  mc_p.l(entry8b.o)
    0x000000c8   0x00000008   Code   RO          427    .ARM.Collect$$$$0000000B  mc_p.l(entry9a.o)
    0x000000d0   0x00000000   Code   RO          429    .ARM.Collect$$$$0000000D  mc_p.l(entry10a.o)
    0x000000d0   0x00000000   Code   RO          431    .ARM.Collect$$$$0000000F  mc_p.l(entry11a.o)
    0x000000d0   0x00000004   Code   RO          420    .ARM.Collect$$$$00002712  mc_p.l(entry2.o)
    0x000000d4   0x00000188   Code   RO            3    .text               system_mkl25z4.o
    0x0000025c   0x0000001c   Code   RO           51    .text               startup_mkl25z4.o
    0x00000278   0x0000006c   Code   RO           96    .text               main.o
    0x000002e4   0x00000098   Code   RO          146    .text               leds.o
    0x0000037c   0x00000018   Code   RO          246    .text               delay.o
    0x00000394   0x00000050   Code   RO          289    .text               profile.o
    0x000003e4   0x00000000   Code   RO          446    .text               mc_p.l(iusefp.o)
    0x000003e4   0x0000001a   Code   RO           22    i.__ARM_common_switch8  system_mkl25z4.o
    0x000003fe   0x00000002   Code   RO          468    i.__scatterload_null  mc_p.l(handlers.o)
    0x00000400   0x00000010   Code   RO           50    .ARM.__at_0x400     startup_mkl25z4.o
    0x00000410   0x000001b0   Code   RO          166    .text               timers.o
    0x000005c0   0x00000190   Code   RO          199    .text               i2c.o
    0x00000750   0x0000019c   Code   RO          219    .text               mma8451.o
    0x000008ec   0x0000002c   Code   RO          354    .text               mc_p.l(uidiv.o)
    0x00000918   0x000000b2   Code   RO          356    .text               mf_p.l(fadd.o)
    0x000009ca   0x0000007a   Code   RO          358    .text               mf_p.l(fmul.o)
    0x00000a44   0x00000164   Code   RO          360    .text               mf_p.l(dadd.o)
    0x00000ba8   0x000000d0   Code   RO          362    .text               mf_p.l(dmul.o)
    0x00000c78   0x000000f0   Code   RO          364    .text               mf_p.l(ddiv.o)
    0x00000d68   0x0000002c   Code   RO          366    .text               mf_p.l(dscalb.o)
    0x00000d94   0x00000028   Code   RO          368    .text               mf_p.l(dflti.o)
    0x00000dbc   0x00000028   Code   RO          374    .text               mf_p.l(f2d.o)
    0x00000de4   0x00000038   Code   RO          376    .text               mf_p.l(d2f.o)
    0x00000e1c   0x00000020   Code   RO          433    .text               mc_p.l(llshl.o)
    0x00000e3c   0x00000022   Code   RO          435    .text               mc_p.l(llushr.o)
    0x00000e5e   0x00000026   Code   RO          437    .text               mc_p.l(llsshr.o)
    0x00000e84   0x00000082   Code   RO          447    .text               mf_p.l(fepilogue.o)
    0x00000f06   0x000000be   Code   RO          449    .text               mf_p.l(depilogue.o)
    0x00000fc4   0x000000a2   Code   RO          453    .text               mf_p.l(dsqrt.o)
    0x00001066   0x00000002   PAD
    0x00001068   0x00000024   Code   RO          461    .text               mc_p.l(init.o)
    0x0000108c   0x0000002e   Code   RO          451    i.__ARM_clz         mf_p.l(depilogue.o)
    0x000010ba   0x00000002   PAD
    0x000010bc   0x0000002c   Code   RO          457    i.__ARM_fpclassify  m_ps.l(fpclassify.o)
    0x000010e8   0x000000ac   Code   RO          459    i.__kernel_poly     m_ps.l(poly.o)
    0x00001194   0x0000000a   Code   RO          392    i.__mathlib_dbl_infnan  m_ps.l(dunder.o)
    0x0000119e   0x00000008   Code   RO          393    i.__mathlib_dbl_infnan2  m_ps.l(dunder.o)
    0x000011a6   0x00000002   PAD
    0x000011a8   0x00000014   Code   RO          397    i.__mathlib_dbl_underflow  m_ps.l(dunder.o)
    0x000011bc   0x0000000e   Code   RO          467    i.__scatterload_copy  mc_p.l(handlers.o)
    0x000011ca   0x0000000e   Code   RO          469    i.__scatterload_zeroinit  mc_p.l(handlers.o)
    0x000011d8   0x0000000c   Code   RO          441    i.__set_errno       mc_p.l(errno.o)
    0x000011e4   0x0000021c   Code   RO          379    i.atan              m_ps.l(atan.o)
    0x00001400   0x00000178   Code   RO          328    i.atan2             m_ps.l(atan2.o)
    0x00001578   0x00000048   Code   RO          344    i.sqrt              m_ps.l(sqrt.o)
    0x000015c0   0x00000880   Data   RO          314    .constdata          region.o
    0x00001e40   0x00000004   Data   RO          315    .constdata          region.o
    0x00001e44   0x00000004   PAD
    0x00001e48   0x00000098   Data   RO          380    .constdata          m_ps.l(atan.o)
    0x00001ee0   0x00000008   Data   RO          405    .constdata          m_ps.l(qnan.o)
    0x00001ee8   0x00000020   Data   RO          465    Region$$Table       anon$$obj.o


    Execution Region RW_IRAM1 (Base: 0x1ffff000, Size: 0x00000540, Max: 0x00001000, ABSOLUTE)

    Base Addr    Size         Type   Attr      Idx    E Section Name        Object

    0x1ffff000   0x00000004   Data   RW            4    .data               system_mkl25z4.o
    0x1ffff004   0x00000004   Data   RW          169    .data               timers.o
    0x1ffff008   0x00000010   Data   RW          220    .data               mma8451.o
    0x1ffff018   0x00000004   Data   RW          290    .data               profile.o
    0x1ffff01c   0x00000004   Data   RW          291    .data               profile.o
    0x1ffff020   0x00000004   Data   RW          292    .data               profile.o
    0x1ffff024   0x00000001   Data   RW          293    .data               profile.o
    0x1ffff025   0x00000003   PAD
    0x1ffff028   0x00000004   Data   RW          442    .data               mc_p.l(errno.o)
    0x1ffff02c   0x00000110   Zero   RW          313    .bss                region.o
    0x1ffff13c   0x00000004   PAD
    0x1ffff140   0x00000400   Zero   RW           47    STACK               startup_mkl25z4.o


==============================================================================

Image component sizes


      Code (inc. data)   RO Data    RW Data    ZI Data      Debug   Object Name

        24          6          0          0          0        720   delay.o
       400         14          0          0          0       1367   i2c.o
       152         18          0          0          0        669   leds.o
       108          6          0          0          0        507   main.o
       412         16          0         16          0       1403   mma8451.o
        80         16          0         13          0       1140   profile.o
         0          0       2180          0        272        960   region.o
        44         24        192          0       1024        812   startup_mkl25z4.o
       418         60          0          4          0      98741   system_mkl25z4.o
       432         86          0          4          0       7641   timers.o

    ----------------------------------------------------------------------
      2070        246       2408         40       1300     113960   Object Totals
         0          0         32          0          0          0   (incl. Generated)
         0          0          4          3          4          0   (incl. Padding)

    ----------------------------------------------------------------------

      Code (inc. data)   RO Data    RW Data    ZI Data      Debug   Library Member Name

       540         68        152          0          0        112   atan.o
       376         42          0          0          0        144   atan2.o
        38          6          0          0          0        204   dunder.o
        44          4          0          0          0         60   fpclassify.o
       172          0          0          0          0         76   poly.o
         0          0          8          0          0          0   qnan.o
        72          6          0          0          0         76   sqrt.o
         0          0          0          0          0          0   entry.o
         0          0          0          0          0          0   entry10a.o
         0          0          0          0          0          0   entry11a.o
         8          4          0          0          0          0   entry2.o
         4          0          0          0          0          0   entry5.o
         0          0          0          0          0          0   entry7b.o
         0          0          0          0          0          0   entry8b.o
         8          4          0          0          0          0   entry9a.o
        12          6          0          4          0         60   errno.o
        30          0          0          0          0          0   handlers.o
        36          8          0          0          0         68   init.o
         0          0          0          0          0          0   iusefp.o
        32          0          0          0          0         68   llshl.o
        38          0          0          0          0         68   llsshr.o
        34          0          0          0          0         68   llushr.o
        44          0          0          0          0         72   uidiv.o
        56          0          0          0          0         68   d2f.o
       356          4          0          0          0        140   dadd.o
       240          6          0          0          0         84   ddiv.o
       236          0          0          0          0        216   depilogue.o
        40          6          0          0          0         68   dflti.o
       208          6          0          0          0         88   dmul.o
        44          0          0          0          0         72   dscalb.o
       162          0          0          0          0         80   dsqrt.o
        40          0          0          0          0         60   f2d.o
       178          0          0          0          0        108   fadd.o
       130          0          0          0          0        144   fepilogue.o
       122          0          0          0          0         72   fmul.o

    ----------------------------------------------------------------------
      3306        170        160          4          0       2276   Library Totals
         6          0          0          0          0          0   (incl. Padding)

    ----------------------------------------------------------------------

      Code (inc. data)   RO Data    RW Data    ZI Data      Debug   Library Name

      1242        126        160          0          0        672   m_ps.l
       246         22          0          4          0        404   mc_p.l
      1812         22          0          0          0       1200   mf_p.l

    ----------------------------------------------------------------------
      3306        170        160          4          0       2276   Library Totals

    ----------------------------------------------------------------------

==============================================================================


      Code (inc. data)   RO Data    RW Data    ZI Data      Debug   

      5376        416       2568         44       1300     114760   Grand Totals
      5376        416       2568         44       1300     114760   ELF Image Totals
      5376        416       2568         44          0          0   ROM Totals

==============================================================================

    Total RO  Size (Code + RO Data)                 7944 (   7.76kB)
    Total RW  Size (RW Data + ZI Data)              1344 (   1.31kB)
    Total ROM Size (Code + RO Data + RW Data)       7988 (   7.80kB)

==============================================================================

