<html>
<body>
<pre>
<h1>µVision Build Log</h1>
<h2>Tool Versions:</h2>
IDE-Version: µVision V5.13.0.0
Copyright (C) 2014 ARM Ltd and ARM Germany GmbH. All rights reserved.
License Information: narasimha sridhar srirangam, ncsu, LIC=----
 
Tool Versions:
Toolchain:       MDK-Lite  Version: 5.13.0.0
Toolchain Path:  C:\Keil_v5\ARM\ARMCC\Bin
C Compiler:      Armcc.exe V5.05 update 1 (build 106)
Assembler:       Armasm.exe V5.05 update 1 (build 106)
Linker/Locator:  ArmLink.exe V5.05 update 1 (build 106)
Library Manager: ArmAr.exe V5.05 update 1 (build 106)
Hex Converter:   FromElf.exe V5.05 update 1 (build 106)
CPU DLL:         SARMCM3.DLL V5.13.0.0
Dialog DLL:      DARMCM1.DLL V1.12.0.0
Target DLL:      CMSIS_AGDI.dll V1.20.8.0
Dialog DLL:      TARMCM1.DLL V1.9.0.0
 
<h2>Project:</h2>
\\vmware-host\Shared Folders\Desktop\ProfilerProject - Base\BasicUI.uvproj
Project File Date:  02/09/2015

<h2>Output:</h2>
Rebuild target 'KL25Z Flash'
compiling system_MKL25Z4.c...
assembling startup_MKL25Z4.s...
compiling LCD_4bit.c...
compiling main.c...
compiling LEDs.c...
compiling timers.c...
compiling i2c.c...
compiling mma8451.c...
compiling delay.c...
compiling sine_table.c...
compiling profile.c...
compiling region.c...
linking...
Program Size: Code=5376 RO-data=2568 RW-data=44 ZI-data=1300  
After Build - User command #1: "\\vmware-host\Shared Folders\Desktop\ProfilerProject - Base\Scripts\update_regions_MDK.bat"
'\\vmware-host\Shared Folders\Desktop\ProfilerProject - Base'
CMD.EXE was started with the above path as the current directory.
UNC paths are not supported.  Defaulting to Windows directory.
C:\Windows>Scripts\getregions.exe obj/*.axf -c -osrc/region.c 
The system cannot find the path specified.
".\obj\BasicUI.axf" - 0 Error(s), 0 Warning(s).
</pre>
</body>
</html>
