<html>
<body>
<pre>
<h1>µVision Build Log</h1>
<h2>Project:</h2>
C:\Users\Alex\Documents\Teaching\Book Writing\ARM Cortex M0Plus\Content\AdvancedCourse\Speed\Code\ProfilerProject\BasicUI.uvproj
Project File Date:  01/04/2014

<h2>Output:</h2>
Build target 'KL25Z Flash'
compiling main.c...
src\main.c(22): warning:  #177-D: variable "buffer" was declared but never referenced
src\main.c(23): warning:  #177-D: variable "switch_code" was declared but never referenced
src\main.c(24): warning:  #177-D: variable "running" was declared but never referenced
src\main.c(24): warning:  #550-D: variable "res" was set but never used
src\main.c(25): warning:  #177-D: variable "r" was declared but never referenced
src\main.c(25): warning:  #177-D: variable "p" was declared but never referenced
linking...
Program Size: Code=6056 RO-data=1864 RW-data=44 ZI-data=1212  
".\obj\BasicUI.axf" - 0 Errors, 6 Warning(s).
Load "C:\\Users\\Alex\\Documents\\Teaching\\Book Writing\\ARM Cortex M0Plus\\Content\\AdvancedCourse\\Speed\\Code\\ProfilerProject\\obj\\BasicUI.axf" 
Erase Done.
Programming Done.
Verify OK.
Application running ...
Build target 'KL25Z Flash'
compiling region.c...
linking...
Program Size: Code=6056 RO-data=2632 RW-data=44 ZI-data=1308  
".\obj\BasicUI.axf" - 0 Errors, 0 Warning(s).
Build target 'KL25Z Flash'
compiling region.c...
linking...
Program Size: Code=6056 RO-data=2632 RW-data=44 ZI-data=1308  
".\obj\BasicUI.axf" - 0 Errors, 0 Warning(s).
Build target 'KL25Z Flash'
compiling region.c...
linking...
Program Size: Code=6056 RO-data=2632 RW-data=44 ZI-data=1308  
".\obj\BasicUI.axf" - 0 Errors, 0 Warning(s).
Load "C:\\Users\\Alex\\Documents\\Teaching\\Book Writing\\ARM Cortex M0Plus\\Content\\AdvancedCourse\\Speed\\Code\\ProfilerProject\\obj\\BasicUI.axf" 
Erase Done.
Programming Done.
Verify OK.
Application running ...
Build target 'KL25Z Flash'
compiling main.c...
src\main.c(22): warning:  #177-D: variable "buffer" was declared but never referenced
src\main.c(23): warning:  #177-D: variable "switch_code" was declared but never referenced
src\main.c(24): warning:  #177-D: variable "running" was declared but never referenced
src\main.c(24): warning:  #550-D: variable "res" was set but never used
src\main.c(25): warning:  #177-D: variable "r" was declared but never referenced
src\main.c(25): warning:  #177-D: variable "p" was declared but never referenced
linking...
Program Size: Code=6056 RO-data=2632 RW-data=44 ZI-data=1308  
".\obj\BasicUI.axf" - 0 Errors, 6 Warning(s).
Build target 'KL25Z Flash'
compiling region.c...
linking...
Program Size: Code=6056 RO-data=2632 RW-data=44 ZI-data=1308  
".\obj\BasicUI.axf" - 0 Errors, 0 Warning(s).
Build target 'KL25Z Flash'
compiling region.c...
linking...
Program Size: Code=6056 RO-data=2632 RW-data=44 ZI-data=1308  
".\obj\BasicUI.axf" - 0 Errors, 0 Warning(s).
Build target 'KL25Z Flash'
linking...
Program Size: Code=6056 RO-data=2632 RW-data=44 ZI-data=1308  
".\obj\BasicUI.axf" - 0 Errors, 0 Warning(s).
Build target 'KL25Z Flash'
compiling region.c...
linking...
Program Size: Code=6056 RO-data=2632 RW-data=44 ZI-data=1308  
".\obj\BasicUI.axf" - 0 Errors, 0 Warning(s).
Load "C:\\Users\\Alex\\Documents\\Teaching\\Book Writing\\ARM Cortex M0Plus\\Content\\AdvancedCourse\\Speed\\Code\\ProfilerProject\\obj\\BasicUI.axf" 
Erase Done.
Programming Done.
Verify OK.
Application running ...
Build target 'KL25Z Flash'
compiling main.c...
src\main.c(22): warning:  #177-D: variable "buffer" was declared but never referenced
src\main.c(23): warning:  #177-D: variable "switch_code" was declared but never referenced
src\main.c(24): warning:  #177-D: variable "running" was declared but never referenced
src\main.c(24): warning:  #550-D: variable "res" was set but never used
src\main.c(25): warning:  #177-D: variable "r" was declared but never referenced
src\main.c(25): warning:  #177-D: variable "p" was declared but never referenced
linking...
Program Size: Code=6052 RO-data=2628 RW-data=44 ZI-data=1308  
".\obj\BasicUI.axf" - 0 Errors, 6 Warning(s).
Build target 'KL25Z Flash'
compiling region.c...
linking...
Program Size: Code=6052 RO-data=2628 RW-data=44 ZI-data=1308  
".\obj\BasicUI.axf" - 0 Errors, 0 Warning(s).
Build target 'KL25Z Flash'
compiling region.c...
linking...
Program Size: Code=6052 RO-data=2628 RW-data=44 ZI-data=1308  
".\obj\BasicUI.axf" - 0 Errors, 0 Warning(s).
Build target 'KL25Z Flash'
compiling region.c...
linking...
Program Size: Code=6052 RO-data=2628 RW-data=44 ZI-data=1308  
".\obj\BasicUI.axf" - 0 Errors, 0 Warning(s).
Load "C:\\Users\\Alex\\Documents\\Teaching\\Book Writing\\ARM Cortex M0Plus\\Content\\AdvancedCourse\\Speed\\Code\\ProfilerProject\\obj\\BasicUI.axf" 
Erase Done.
Programming Done.
Verify OK.
Application running ...
